../Core/Src/main.c:122:19:CAN_TransmitMessage_Std_ID	64	static
../Core/Src/main.c:159:19:CAN_TransmitMessage_Ext_ID	56	static
../Core/Src/main.c:191:6:HAL_CAN_RxFifo0MsgPendingCallback	24	static
../Core/Src/main.c:238:6:HAL_CAN_RxFifo1MsgPendingCallback	24	static
../Core/Src/main.c:297:5:main	8	static
../Core/Src/main.c:397:6:SystemClock_Config	88	static
../Core/Src/main.c:443:13:MX_CAN1_Init	48	static
../Core/Src/main.c:493:13:MX_CAN2_Init	48	static
../Core/Src/main.c:543:13:MX_GPIO_Init	24	static
../Core/Src/main.c:571:6:CAN1RX_Data_Process_Func	48	static
../Core/Src/main.c:635:6:CAN2RX_Data_Process_Func	48	static
../Core/Src/main.c:697:6:HAL_TIM_PeriodElapsedCallback	16	static
../Core/Src/main.c:715:6:Error_Handler	4	static,ignoring_inline_asm
