Archive member included to satisfy reference by file (symbol)

/home/vinothkannan/st/stm32cubeide_1.19.0/plugins/com.st.stm32cube.ide.mcu.externaltools.gnu-tools-for-stm32.13.3.rel1.linux64_1.0.0.202410170706/tools/bin/../lib/gcc/arm-none-eabi/13.3.1/../../../../arm-none-eabi/lib/thumb/v7e-m+fp/hard/libc_nano.a(libc_a-exit.o)
                              /home/vinothkannan/st/stm32cubeide_1.19.0/plugins/com.st.stm32cube.ide.mcu.externaltools.gnu-tools-for-stm32.13.3.rel1.linux64_1.0.0.202410170706/tools/bin/../lib/gcc/arm-none-eabi/13.3.1/../../../../arm-none-eabi/lib/thumb/v7e-m+fp/hard/crt0.o (exit)
/home/vinothkannan/st/stm32cubeide_1.19.0/plugins/com.st.stm32cube.ide.mcu.externaltools.gnu-tools-for-stm32.13.3.rel1.linux64_1.0.0.202410170706/tools/bin/../lib/gcc/arm-none-eabi/13.3.1/../../../../arm-none-eabi/lib/thumb/v7e-m+fp/hard/libc_nano.a(libc_a-findfp.o)
                              ./Middlewares/Third_Party/FreeRTOS/Source/tasks.o (__sf)
/home/vinothkannan/st/stm32cubeide_1.19.0/plugins/com.st.stm32cube.ide.mcu.externaltools.gnu-tools-for-stm32.13.3.rel1.linux64_1.0.0.202410170706/tools/bin/../lib/gcc/arm-none-eabi/13.3.1/../../../../arm-none-eabi/lib/thumb/v7e-m+fp/hard/libc_nano.a(libc_a-fwalk.o)
                              /home/vinothkannan/st/stm32cubeide_1.19.0/plugins/com.st.stm32cube.ide.mcu.externaltools.gnu-tools-for-stm32.13.3.rel1.linux64_1.0.0.202410170706/tools/bin/../lib/gcc/arm-none-eabi/13.3.1/../../../../arm-none-eabi/lib/thumb/v7e-m+fp/hard/libc_nano.a(libc_a-findfp.o) (_fwalk_sglue)
/home/vinothkannan/st/stm32cubeide_1.19.0/plugins/com.st.stm32cube.ide.mcu.externaltools.gnu-tools-for-stm32.13.3.rel1.linux64_1.0.0.202410170706/tools/bin/../lib/gcc/arm-none-eabi/13.3.1/../../../../arm-none-eabi/lib/thumb/v7e-m+fp/hard/libc_nano.a(libc_a-stdio.o)
                              /home/vinothkannan/st/stm32cubeide_1.19.0/plugins/com.st.stm32cube.ide.mcu.externaltools.gnu-tools-for-stm32.13.3.rel1.linux64_1.0.0.202410170706/tools/bin/../lib/gcc/arm-none-eabi/13.3.1/../../../../arm-none-eabi/lib/thumb/v7e-m+fp/hard/libc_nano.a(libc_a-findfp.o) (__sread)
/home/vinothkannan/st/stm32cubeide_1.19.0/plugins/com.st.stm32cube.ide.mcu.externaltools.gnu-tools-for-stm32.13.3.rel1.linux64_1.0.0.202410170706/tools/bin/../lib/gcc/arm-none-eabi/13.3.1/../../../../arm-none-eabi/lib/thumb/v7e-m+fp/hard/libc_nano.a(libc_a-memset.o)
                              /home/vinothkannan/st/stm32cubeide_1.19.0/plugins/com.st.stm32cube.ide.mcu.externaltools.gnu-tools-for-stm32.13.3.rel1.linux64_1.0.0.202410170706/tools/bin/../lib/gcc/arm-none-eabi/13.3.1/../../../../arm-none-eabi/lib/thumb/v7e-m+fp/hard/crt0.o (memset)
/home/vinothkannan/st/stm32cubeide_1.19.0/plugins/com.st.stm32cube.ide.mcu.externaltools.gnu-tools-for-stm32.13.3.rel1.linux64_1.0.0.202410170706/tools/bin/../lib/gcc/arm-none-eabi/13.3.1/../../../../arm-none-eabi/lib/thumb/v7e-m+fp/hard/libc_nano.a(libc_a-closer.o)
                              /home/vinothkannan/st/stm32cubeide_1.19.0/plugins/com.st.stm32cube.ide.mcu.externaltools.gnu-tools-for-stm32.13.3.rel1.linux64_1.0.0.202410170706/tools/bin/../lib/gcc/arm-none-eabi/13.3.1/../../../../arm-none-eabi/lib/thumb/v7e-m+fp/hard/libc_nano.a(libc_a-stdio.o) (_close_r)
/home/vinothkannan/st/stm32cubeide_1.19.0/plugins/com.st.stm32cube.ide.mcu.externaltools.gnu-tools-for-stm32.13.3.rel1.linux64_1.0.0.202410170706/tools/bin/../lib/gcc/arm-none-eabi/13.3.1/../../../../arm-none-eabi/lib/thumb/v7e-m+fp/hard/libc_nano.a(libc_a-reent.o)
                              ./Middlewares/Third_Party/FreeRTOS/Source/tasks.o (_reclaim_reent)
/home/vinothkannan/st/stm32cubeide_1.19.0/plugins/com.st.stm32cube.ide.mcu.externaltools.gnu-tools-for-stm32.13.3.rel1.linux64_1.0.0.202410170706/tools/bin/../lib/gcc/arm-none-eabi/13.3.1/../../../../arm-none-eabi/lib/thumb/v7e-m+fp/hard/libc_nano.a(libc_a-impure.o)
                              ./Middlewares/Third_Party/FreeRTOS/Source/tasks.o (_impure_ptr)
/home/vinothkannan/st/stm32cubeide_1.19.0/plugins/com.st.stm32cube.ide.mcu.externaltools.gnu-tools-for-stm32.13.3.rel1.linux64_1.0.0.202410170706/tools/bin/../lib/gcc/arm-none-eabi/13.3.1/../../../../arm-none-eabi/lib/thumb/v7e-m+fp/hard/libc_nano.a(libc_a-lseekr.o)
                              /home/vinothkannan/st/stm32cubeide_1.19.0/plugins/com.st.stm32cube.ide.mcu.externaltools.gnu-tools-for-stm32.13.3.rel1.linux64_1.0.0.202410170706/tools/bin/../lib/gcc/arm-none-eabi/13.3.1/../../../../arm-none-eabi/lib/thumb/v7e-m+fp/hard/libc_nano.a(libc_a-stdio.o) (_lseek_r)
/home/vinothkannan/st/stm32cubeide_1.19.0/plugins/com.st.stm32cube.ide.mcu.externaltools.gnu-tools-for-stm32.13.3.rel1.linux64_1.0.0.202410170706/tools/bin/../lib/gcc/arm-none-eabi/13.3.1/../../../../arm-none-eabi/lib/thumb/v7e-m+fp/hard/libc_nano.a(libc_a-readr.o)
[...]
Memory Configuration

Name             Origin             Length             Attributes
CCMRAM           0x10000000         0x00010000         xrw
RAM              0x20000000         0x00020000         xrw
FLASH            0x08000000         0x00080000         xr
*default*        0x00000000         0xffffffff

Linker script and memory map

LOAD /home/vinothkannan/st/stm32cubeide_1.19.0/plugins/com.st.stm32cube.ide.mcu.externaltools.gnu-tools-for-stm32.13.3.rel1.linux64_1.0.0.202410170706/tools/bin/../lib/gcc/arm-none-eabi/13.3.1/thumb/v7e-m+fp/hard/crti.o
LOAD /home/vinothkannan/st/stm32cubeide_1.19.0/plugins/com.st.stm32cube.ide.mcu.externaltools.gnu-tools-for-stm32.13.3.rel1.linux64_1.0.0.202410170706/tools/bin/../lib/gcc/arm-none-eabi/13.3.1/thumb/v7e-m+fp/hard/crtbegin.o
LOAD /home/vinothkannan/st/stm32cubeide_1.19.0/plugins/com.st.stm32cube.ide.mcu.externaltools.gnu-tools-for-stm32.13.3.rel1.linux64_1.0.0.202410170706/tools/bin/../lib/gcc/arm-none-eabi/13.3.1/../../../../arm-none-eabi/lib/thumb/v7e-m+fp/hard/crt0.o
LOAD ./Core/Src/freertos.o
LOAD ./Core/Src/main.o
LOAD ./Core/Src/stm32f4xx_hal_msp.o
LOAD ./Core/Src/stm32f4xx_hal_timebase_tim.o
LOAD ./Core/Src/stm32f4xx_it.o
LOAD ./Core/Src/syscalls.o
LOAD ./Core/Src/sysmem.o
LOAD ./Core/Src/system_stm32f4xx.o
LOAD ./Core/Startup/startup_stm32f407vetx.o
LOAD ./Drivers/STM32F4xx_HAL_Driver/Src/stm32f4xx_hal.o
LOAD ./Drivers/STM32F4xx_HAL_Driver/Src/stm32f4xx_hal_can.o
LOAD ./Drivers/STM32F4xx_HAL_Driver/Src/stm32f4xx_hal_cortex.o
LOAD ./Drivers/STM32F4xx_HAL_Driver/Src/stm32f4xx_hal_dma.o
LOAD ./Drivers/STM32F4xx_HAL_Driver/Src/stm32f4xx_hal_dma_ex.o
LOAD ./Drivers/STM32F4xx_HAL_Driver/Src/stm32f4xx_hal_exti.o
LOAD ./Drivers/STM32F4xx_HAL_Driver/Src/stm32f4xx_hal_flash.o
LOAD ./Drivers/STM32F4xx_HAL_Driver/Src/stm32f4xx_hal_flash_ex.o
LOAD ./Drivers/STM32F4xx_HAL_Driver/Src/stm32f4xx_hal_flash_ramfunc.o
LOAD ./Drivers/STM32F4xx_HAL_Driver/Src/stm32f4xx_hal_gpio.o
LOAD ./Drivers/STM32F4xx_HAL_Driver/Src/stm32f4xx_hal_pwr.o
LOAD ./Drivers/STM32F4xx_HAL_Driver/Src/stm32f4xx_hal_pwr_ex.o
LOAD ./Drivers/STM32F4xx_HAL_Driver/Src/stm32f4xx_hal_rcc.o
LOAD ./Drivers/STM32F4xx_HAL_Driver/Src/stm32f4xx_hal_rcc_ex.o
LOAD ./Drivers/STM32F4xx_HAL_Driver/Src/stm32f4xx_hal_tim.o
LOAD ./Drivers/STM32F4xx_HAL_Driver/Src/stm32f4xx_hal_tim_ex.o
LOAD ./Middlewares/Third_Party/FreeRTOS/Source/CMSIS_RTOS_V2/cmsis_os2.o
LOAD ./Middlewares/Third_Party/FreeRTOS/Source/croutine.o
LOAD ./Middlewares/Third_Party/FreeRTOS/Source/event_groups.o
LOAD ./Middlewares/Third_Party/FreeRTOS/Source/list.o
LOAD ./Middlewares/Third_Party/FreeRTOS/Source/queue.o
LOAD ./Middlewares/Third_Party/FreeRTOS/Source/stream_buffer.o
LOAD ./Middlewares/Third_Party/FreeRTOS/Source/tasks.o
LOAD ./Middlewares/Third_Party/FreeRTOS/Source/timers.o
LOAD ./Middlewares/Third_Party/FreeRTOS/Source/portable/GCC/ARM_CM4F/port.o
LOAD ./Middlewares/Third_Party/FreeRTOS/Source/portable/MemMang/heap_4.o
START GROUP
LOAD /home/vinothkannan/st/stm32cubeide_1.19.0/plugins/com.st.stm32cube.ide.mcu.externaltools.gnu-tools-for-stm32.13.3.rel1.linux64_1.0.0.202410170706/tools/bin/../lib/gcc/arm-none-eabi/13.3.1/../../../../arm-none-eabi/lib/thumb/v7e-m+fp/hard/libc_nano.a
LOAD /home/vinothkannan/st/stm32cubeide_1.19.0/plugins/com.st.stm32cube.ide.mcu.externaltools.gnu-tools-for-stm32.13.3.rel1.linux64_1.0.0.202410170706/tools/bin/../lib/gcc/arm-none-eabi/13.3.1/../../../../arm-none-eabi/lib/thumb/v7e-m+fp/hard/libm.a
END GROUP
START GROUP
LOAD /home/vinothkannan/st/stm32cubeide_1.19.0/plugins/com.st.stm32cube.ide.mcu.externaltools.gnu-tools-for-stm32.13.3.rel1.linux64_1.0.0.202410170706/tools/bin/../lib/gcc/arm-none-eabi/13.3.1/thumb/v7e-m+fp/hard/libgcc.a
LOAD /home/vinothkannan/st/stm32cubeide_1.19.0/plugins/com.st.stm32cube.ide.mcu.externaltools.gnu-tools-for-stm32.13.3.rel1.linux64_1.0.0.202410170706/tools/bin/../lib/gcc/arm-none-eabi/13.3.1/../../../../arm-none-eabi/lib/thumb/v7e-m+fp/hard/libc_nano.a
END GROUP
START GROUP
LOAD /home/vinothkannan/st/stm32cubeide_1.19.0/plugins/com.st.stm32cube.ide.mcu.externaltools.gnu-tools-for-stm32.13.3.rel1.linux64_1.0.0.202410170706/tools/bin/../lib/gcc/arm-none-eabi/13.3.1/thumb/v7e-m+fp/hard/libgcc.a
LOAD /home/vinothkannan/st/stm32cubeide_1.19.0/plugins/com.st.stm32cube.ide.mcu.externaltools.gnu-tools-for-stm32.13.3.rel1.linux64_1.0.0.202410170706/tools/bin/../lib/gcc/arm-none-eabi/13.3.1/../../../../arm-none-eabi/lib/thumb/v7e-m+fp/hard/libc_nano.a
LOAD /home/vinothkannan/st/stm32cubeide_1.19.0/plugins/com.st.stm32cube.ide.mcu.externaltools.gnu-tools-for-stm32.13.3.rel1.linux64_1.0.0.202410170706/tools/bin/../lib/gcc/arm-none-eabi/13.3.1/../../../../arm-none-eabi/lib/thumb/v7e-m+fp/hard/libnosys.a
END GROUP
START GROUP
LOAD /home/vinothkannan/st/stm32cubeide_1.19.0/plugins/com.st.stm32cube.ide.mcu.externaltools.gnu-tools-for-stm32.13.3.rel1.linux64_1.0.0.202410170706/tools/bin/../lib/gcc/arm-none-eabi/13.3.1/thumb/v7e-m+fp/hard/libgcc.a
LOAD /home/vinothkannan/st/stm32cubeide_1.19.0/plugins/com.st.stm32cube.ide.mcu.externaltools.gnu-tools-for-stm32.13.3.rel1.linux64_1.0.0.202410170706/tools/bin/../lib/gcc/arm-none-eabi/13.3.1/../../../../arm-none-eabi/lib/thumb/v7e-m+fp/hard/libc_nano.a
LOAD /home/vinothkannan/st/stm32cubeide_1.19.0/plugins/com.st.stm32cube.ide.mcu.externaltools.gnu-tools-for-stm32.13.3.rel1.linux64_1.0.0.202410170706/tools/bin/../lib/gcc/arm-none-eabi/13.3.1/../../../../arm-none-eabi/lib/thumb/v7e-m+fp/hard/libnosys.a
END GROUP
LOAD /home/vinothkannan/st/stm32cubeide_1.19.0/plugins/com.st.stm32cube.ide.mcu.externaltools.gnu-tools-for-stm32.13.3.rel1.linux64_1.0.0.202410170706/tools/bin/../lib/gcc/arm-none-eabi/13.3.1/thumb/v7e-m+fp/hard/crtend.o
LOAD /home/vinothkannan/st/stm32cubeide_1.19.0/plugins/com.st.stm32cube.ide.mcu.externaltools.gnu-tools-for-stm32.13.3.rel1.linux64_1.0.0.202410170706/tools/bin/../lib/gcc/arm-none-eabi/13.3.1/thumb/v7e-m+fp/hard/crtn.o
                0x20020000                        _estack = (ORIGIN (RAM) + LENGTH (RAM))
                0x00000200                        _Min_Heap_Size = 0x200
                0x00000400                        _Min_Stack_Size = 0x400

.isr_vector     0x08000000      0x188
                0x08000000                        . = ALIGN (0x4)
 *(.isr_vector)
 .isr_vector    0x08000000      0x188 ./Core/Startup/startup_stm32f407vetx.o
                0x08000000                g_pfnVectors
                0x08000188                        . = ALIGN (0x4)

.text           0x08000190     0x6200
                0x08000190                        . = ALIGN (0x4)
 *(.text)
 .text          0x08000190       0x40 /home/vinothkannan/st/stm32cubeide_1.19.0/plugins/com.st.stm32cube.ide.mcu.externaltools.gnu-tools-for-stm32.13.3.rel1.linux64_1.0.0.202410170706/tools/bin/../lib/gcc/arm-none-eabi/13.3.1/thumb/v7e-m+fp/hard/crtbegin.o
 .text          0x080001d0       0x30 /home/vinothkannan/st/stm32cubeide_1.19.0/plugins/com.st.stm32cube.ide.mcu.externaltools.gnu-tools-for-stm32.13.3.rel1.linux64_1.0.0.202410170706/tools/bin/../lib/gcc/arm-none-eabi/13.3.1/thumb/v7e-m+fp/hard/libgcc.a(_aeabi_uldivmod.o)
                0x080001d0                __aeabi_uldivmod
 .text          0x08000200      0x2f8 /home/vinothkannan/st/stm32cubeide_1.19.0/plugins/com.st.stm32cube.ide.mcu.externaltools.gnu-tools-for-stm32.13.3.rel1.linux64_1.0.0.202410170706/tools/bin/../lib/gcc/arm-none-eabi/13.3.1/thumb/v7e-m+fp/hard/libgcc.a(_udivmoddi4.o)
                0x08000200                __udivmoddi4
 .text          0x080004f8        0x4 /home/vinothkannan/st/stm32cubeide_1.19.0/plugins/com.st.stm32cube.ide.mcu.externaltools.gnu-tools-for-stm32.13.3.rel1.linux64_1.0.0.202410170706/tools/bin/../lib/gcc/arm-none-eabi/13.3.1/thumb/v7e-m+fp/hard/libgcc.a(_dvmd_tls.o)
                0x080004f8                __aeabi_ldiv0
                0x080004f8                __aeabi_idiv0
 *(.text*)
 .text.CAN_TransmitMessage_Std_ID
                0x080004fc       0x6c ./Core/Src/main.o
                0x080004fc                CAN_TransmitMessage_Std_ID
 .text.CAN_TransmitMessage_Ext_ID
                0x08000568       0x68 ./Core/Src/main.o
                0x08000568                CAN_TransmitMessage_Ext_ID
 .text.HAL_CAN_RxFifo0MsgPendingCallback
                0x080005d0      0x128 ./Core/Src/main.o
                0x080005d0                HAL_CAN_RxFifo0MsgPendingCallback
 .text.HAL_CAN_RxFifo1MsgPendingCallback
                0x080006f8      0x154 ./Core/Src/main.o
                0x080006f8                HAL_CAN_RxFifo1MsgPendingCallback
 .text.main     0x0800084c       0xb0 ./Core/Src/main.o
                0x0800084c                main
 .text.SystemClock_Config
                0x080008fc       0xd4 ./Core/Src/main.o
                0x080008fc                SystemClock_Config
 .text.MX_CAN1_Init
                0x080009d0       0xa4 ./Core/Src/main.o
 .text.MX_CAN2_Init
                0x08000a74       0xa8 ./Core/Src/main.o
 .text.MX_GPIO_Init
                0x08000b1c       0x88 ./Core/Src/main.o
 .text.CAN1RX_Data_Process_Func
                0x08000ba4       0xa0 ./Core/Src/main.o
                0x08000ba4                CAN1RX_Data_Process_Func
 .text.CAN2RX_Data_Process_Func
                0x08000c44       0xa0 ./Core/Src/main.o
                0x08000c44                CAN2RX_Data_Process_Func
 .text.HAL_TIM_PeriodElapsedCallback
                0x08000ce4       0x24 ./Core/Src/main.o
                0x08000ce4                HAL_TIM_PeriodElapsedCallback
 .text.Error_Handler
                0x08000d08        0xc ./Core/Src/main.o
                0x08000d08                Error_Handler
 .text.HAL_MspInit
                0x08000d14       0x58 ./Core/Src/stm32f4xx_hal_msp.o
                0x08000d14                HAL_MspInit
 .text.HAL_CAN_MspInit
                0x08000d6c      0x160 ./Core/Src/stm32f4xx_hal_msp.o
                0x08000d6c                HAL_CAN_MspInit
 .text.HAL_InitTick
                0x08000ecc       0xf8 ./Core/Src/stm32f4xx_hal_timebase_tim.o
                0x08000ecc                HAL_InitTick
 .text.NMI_Handler
                0x08000fc4        0x8 ./Core/Src/stm32f4xx_it.o
                0x08000fc4                NMI_Handler
 .text.HardFault_Handler
                0x08000fcc        0x8 ./Core/Src/stm32f4xx_it.o
                0x08000fcc                HardFault_Handler
 .text.MemManage_Handler
                0x08000fd4        0x8 ./Core/Src/stm32f4xx_it.o
                0x08000fd4                MemManage_Handler
 .text.BusFault_Handler
                0x08000fdc        0x8 ./Core/Src/stm32f4xx_it.o
                0x08000fdc                BusFault_Handler
 .text.UsageFault_Handler
                0x08000fe4        0x8 ./Core/Src/stm32f4xx_it.o
                0x08000fe4                UsageFault_Handler
 .text.DebugMon_Handler
                0x08000fec        0xe ./Core/Src/stm32f4xx_it.o
                0x08000fec                DebugMon_Handler
 *fill*         0x08000ffa        0x2 
 .text.CAN1_RX0_IRQHandler
                0x08000ffc       0x14 ./Core/Src/stm32f4xx_it.o
                0x08000ffc                CAN1_RX0_IRQHandler
 .text.TIM8_TRG_COM_TIM14_IRQHandler
                0x08001010       0x14 ./Core/Src/stm32f4xx_it.o
                0x08001010                TIM8_TRG_COM_TIM14_IRQHandler
 .text.CAN2_RX1_IRQHandler
                0x08001024       0x14 ./Core/Src/stm32f4xx_it.o
                0x08001024                CAN2_RX1_IRQHandler
 .text.SystemInit
                0x08001038       0x24 ./Core/Src/system_stm32f4xx.o
                0x08001038                SystemInit
 .text.Reset_Handler
                0x0800105c       0x50 ./Core/Startup/startup_stm32f407vetx.o
                0x0800105c                Reset_Handler
 .text.Default_Handler
                0x080010ac        0x2 ./Core/Startup/startup_stm32f407vetx.o
                0x080010ac                RTC_Alarm_IRQHandler
                0x080010ac                HASH_RNG_IRQHandler
                0x080010ac                EXTI2_IRQHandler
                0x080010ac                TIM8_CC_IRQHandler
                0x080010ac                TIM1_CC_IRQHandler
                0x080010ac                DMA2_Stream5_IRQHandler
                0x080010ac                DMA1_Stream5_IRQHandler
                0x080010ac                PVD_IRQHandler
                0x080010ac                SDIO_IRQHandler
                0x080010ac                TAMP_STAMP_IRQHandler
                0x080010ac                EXTI3_IRQHandler
                0x080010ac                TIM1_UP_TIM10_IRQHandler
                0x080010ac                TIM8_UP_TIM13_IRQHandler
                0x080010ac                I2C3_ER_IRQHandler
                0x080010ac                EXTI0_IRQHandler
                0x080010ac                I2C2_EV_IRQHandler
                0x080010ac                DMA1_Stream2_IRQHandler
                0x080010ac                FPU_IRQHandler
                0x080010ac                OTG_HS_WKUP_IRQHandler
                0x080010ac                CAN2_SCE_IRQHandler
                0x080010ac                DMA2_Stream2_IRQHandler
                0x080010ac                SPI1_IRQHandler
                0x080010ac                TIM6_DAC_IRQHandler
                0x080010ac                TIM1_BRK_TIM9_IRQHandler
                0x080010ac                DCMI_IRQHandler
                0x080010ac                CAN2_RX0_IRQHandler
                0x080010ac                DMA2_Stream3_IRQHandler
                0x080010ac                USART6_IRQHandler
                0x080010ac                USART3_IRQHandler
                0x080010ac                CAN1_RX1_IRQHandler
                0x080010ac                UART5_IRQHandler
                0x080010ac                DMA2_Stream0_IRQHandler
                0x080010ac                TIM4_IRQHandler
                0x080010ac                I2C1_EV_IRQHandler
                0x080010ac                DMA1_Stream6_IRQHandler
                0x080010ac                DMA1_Stream1_IRQHandler
                0x080010ac                UART4_IRQHandler
                0x080010ac                TIM3_IRQHandler
                0x080010ac                RCC_IRQHandler
                0x080010ac                TIM8_BRK_TIM12_IRQHandler
                0x080010ac                Default_Handler
                0x080010ac                EXTI15_10_IRQHandler
                0x080010ac                ADC_IRQHandler
                0x080010ac                DMA1_Stream7_IRQHandler
                0x080010ac                TIM7_IRQHandler
                0x080010ac                CAN2_TX_IRQHandler
                0x080010ac                TIM5_IRQHandler
                0x080010ac                DMA2_Stream7_IRQHandler
                0x080010ac                I2C3_EV_IRQHandler
                0x080010ac                EXTI9_5_IRQHandler
                0x080010ac                RTC_WKUP_IRQHandler
                0x080010ac                ETH_WKUP_IRQHandler
                0x080010ac                SPI2_IRQHandler
                0x080010ac                OTG_HS_EP1_IN_IRQHandler
                0x080010ac                DMA1_Stream0_IRQHandler
                0x080010ac                CAN1_TX_IRQHandler
                0x080010ac                EXTI4_IRQHandler
                0x080010ac                FSMC_IRQHandler
                0x080010ac                ETH_IRQHandler
                0x080010ac                OTG_HS_EP1_OUT_IRQHandler
                0x080010ac                WWDG_IRQHandler
                0x080010ac                TIM2_IRQHandler
                0x080010ac                OTG_FS_WKUP_IRQHandler
                0x080010ac                TIM1_TRG_COM_TIM11_IRQHandler
                0x080010ac                OTG_HS_IRQHandler
                0x080010ac                EXTI1_IRQHandler
                0x080010ac                USART2_IRQHandler
                0x080010ac                I2C2_ER_IRQHandler
                0x080010ac                DMA2_Stream1_IRQHandler
                0x080010ac                CAN1_SCE_IRQHandler
                0x080010ac                FLASH_IRQHandler
                0x080010ac                DMA2_Stream4_IRQHandler
                0x080010ac                USART1_IRQHandler
                0x080010ac                OTG_FS_IRQHandler
                0x080010ac                SPI3_IRQHandler
                0x080010ac                DMA1_Stream4_IRQHandler
                0x080010ac                I2C1_ER_IRQHandler
                0x080010ac                DMA2_Stream6_IRQHandler
                0x080010ac                DMA1_Stream3_IRQHandler
 *fill*         0x080010ae        0x2 
 .text.HAL_Init
                0x080010b0       0x44 ./Drivers/STM32F4xx_HAL_Driver/Src/stm32f4xx_hal.o
                0x080010b0                HAL_Init
 .text.HAL_IncTick
                0x080010f4       0x28 ./Drivers/STM32F4xx_HAL_Driver/Src/stm32f4xx_hal.o
                0x080010f4                HAL_IncTick
 .text.HAL_GetTick
                0x0800111c       0x18 ./Drivers/STM32F4xx_HAL_Driver/Src/stm32f4xx_hal.o
                0x0800111c                HAL_GetTick
 .text.HAL_CAN_Init
                0x08001134      0x1f6 ./Drivers/STM32F4xx_HAL_Driver/Src/stm32f4xx_hal_can.o
                0x08001134                HAL_CAN_Init
 *fill*         0x0800132a        0x2 
 .text.HAL_CAN_ConfigFilter
                0x0800132c      0x1bc ./Drivers/STM32F4xx_HAL_Driver/Src/stm32f4xx_hal_can.o
                0x0800132c                HAL_CAN_ConfigFilter
 .text.HAL_CAN_Start
                0x080014e8       0x88 ./Drivers/STM32F4xx_HAL_Driver/Src/stm32f4xx_hal_can.o
                0x080014e8                HAL_CAN_Start
 .text.HAL_CAN_AddTxMessage
                0x08001570      0x1a0 ./Drivers/STM32F4xx_HAL_Driver/Src/stm32f4xx_hal_can.o
                0x08001570                HAL_CAN_AddTxMessage
 .text.HAL_CAN_IsTxMessagePending
                0x08001710       0x48 ./Drivers/STM32F4xx_HAL_Driver/Src/stm32f4xx_hal_can.o
                0x08001710                HAL_CAN_IsTxMessagePending
 .text.HAL_CAN_GetRxMessage
                0x08001758      0x244 ./Drivers/STM32F4xx_HAL_Driver/Src/stm32f4xx_hal_can.o
                0x08001758                HAL_CAN_GetRxMessage
 .text.HAL_CAN_ActivateNotification
                0x0800199c       0x4c ./Drivers/STM32F4xx_HAL_Driver/Src/stm32f4xx_hal_can.o
                0x0800199c                HAL_CAN_ActivateNotification
 .text.HAL_CAN_IRQHandler
                0x080019e8      0x36e ./Drivers/STM32F4xx_HAL_Driver/Src/stm32f4xx_hal_can.o
                0x080019e8                HAL_CAN_IRQHandler
 .text.HAL_CAN_TxMailbox0CompleteCallback
                0x08001d56       0x14 ./Drivers/STM32F4xx_HAL_Driver/Src/stm32f4xx_hal_can.o
                0x08001d56                HAL_CAN_TxMailbox0CompleteCallback
 .text.HAL_CAN_TxMailbox1CompleteCallback
                0x08001d6a       0x14 ./Drivers/STM32F4xx_HAL_Driver/Src/stm32f4xx_hal_can.o
                0x08001d6a                HAL_CAN_TxMailbox1CompleteCallback
 .text.HAL_CAN_TxMailbox2CompleteCallback
                0x08001d7e       0x14 ./Drivers/STM32F4xx_HAL_Driver/Src/stm32f4xx_hal_can.o
                0x08001d7e                HAL_CAN_TxMailbox2CompleteCallback
 .text.HAL_CAN_TxMailbox0AbortCallback
                0x08001d92       0x14 ./Drivers/STM32F4xx_HAL_Driver/Src/stm32f4xx_hal_can.o
                0x08001d92                HAL_CAN_TxMailbox0AbortCallback
 .text.HAL_CAN_TxMailbox1AbortCallback
                0x08001da6       0x14 ./Drivers/STM32F4xx_HAL_Driver/Src/stm32f4xx_hal_can.o
                0x08001da6                HAL_CAN_TxMailbox1AbortCallback
 .text.HAL_CAN_TxMailbox2AbortCallback
                0x08001dba       0x14 ./Drivers/STM32F4xx_HAL_Driver/Src/stm32f4xx_hal_can.o
                0x08001dba                HAL_CAN_TxMailbox2AbortCallback
 .text.HAL_CAN_RxFifo0FullCallback
                0x08001dce       0x14 ./Drivers/STM32F4xx_HAL_Driver/Src/stm32f4xx_hal_can.o
                0x08001dce                HAL_CAN_RxFifo0FullCallback
 .text.HAL_CAN_RxFifo1FullCallback
                0x08001de2       0x14 ./Drivers/STM32F4xx_HAL_Driver/Src/stm32f4xx_hal_can.o
                0x08001de2                HAL_CAN_RxFifo1FullCallback
 .text.HAL_CAN_SleepCallback
                0x08001df6       0x14 ./Drivers/STM32F4xx_HAL_Driver/Src/stm32f4xx_hal_can.o
                0x08001df6                HAL_CAN_SleepCallback
 .text.HAL_CAN_WakeUpFromRxMsgCallback
                0x08001e0a       0x14 ./Drivers/STM32F4xx_HAL_Driver/Src/stm32f4xx_hal_can.o
                0x08001e0a                HAL_CAN_WakeUpFromRxMsgCallback
 .text.HAL_CAN_ErrorCallback
                0x08001e1e       0x14 ./Drivers/STM32F4xx_HAL_Driver/Src/stm32f4xx_hal_can.o
                0x08001e1e                HAL_CAN_ErrorCallback
 *fill*         0x08001e32        0x2 
 .text.__NVIC_SetPriorityGrouping
                0x08001e34       0x48 ./Drivers/STM32F4xx_HAL_Driver/Src/stm32f4xx_hal_cortex.o
 .text.__NVIC_GetPriorityGrouping
                0x08001e7c       0x1c ./Drivers/STM32F4xx_HAL_Driver/Src/stm32f4xx_hal_cortex.o
 .text.__NVIC_EnableIRQ
                0x08001e98       0x3c ./Drivers/STM32F4xx_HAL_Driver/Src/stm32f4xx_hal_cortex.o
 .text.__NVIC_SetPriority
                0x08001ed4       0x54 ./Drivers/STM32F4xx_HAL_Driver/Src/stm32f4xx_hal_cortex.o
 .text.NVIC_EncodePriority
                0x08001f28       0x66 ./Drivers/STM32F4xx_HAL_Driver/Src/stm32f4xx_hal_cortex.o
 .text.HAL_NVIC_SetPriorityGrouping
                0x08001f8e       0x16 ./Drivers/STM32F4xx_HAL_Driver/Src/stm32f4xx_hal_cortex.o
                0x08001f8e                HAL_NVIC_SetPriorityGrouping
 .text.HAL_NVIC_SetPriority
                0x08001fa4       0x38 ./Drivers/STM32F4xx_HAL_Driver/Src/stm32f4xx_hal_cortex.o
                0x08001fa4                HAL_NVIC_SetPriority
 .text.HAL_NVIC_EnableIRQ
                0x08001fdc       0x1c ./Drivers/STM32F4xx_HAL_Driver/Src/stm32f4xx_hal_cortex.o
                0x08001fdc                HAL_NVIC_EnableIRQ
 .text.HAL_GPIO_Init
                0x08001ff8      0x338 ./Drivers/STM32F4xx_HAL_Driver/Src/stm32f4xx_hal_gpio.o
                0x08001ff8                HAL_GPIO_Init
 .text.HAL_RCC_OscConfig
                0x08002330      0x4f0 ./Drivers/STM32F4xx_HAL_Driver/Src/stm32f4xx_hal_rcc.o
                0x08002330                HAL_RCC_OscConfig
 .text.HAL_RCC_ClockConfig
                0x08002820      0x1cc ./Drivers/STM32F4xx_HAL_Driver/Src/stm32f4xx_hal_rcc.o
                0x08002820                HAL_RCC_ClockConfig
 .text.HAL_RCC_GetSysClockFreq
                0x080029ec      0x20c ./Drivers/STM32F4xx_HAL_Driver/Src/stm32f4xx_hal_rcc.o
                0x080029ec                HAL_RCC_GetSysClockFreq
 .text.HAL_RCC_GetHCLKFreq
                0x08002bf8       0x18 ./Drivers/STM32F4xx_HAL_Driver/Src/stm32f4xx_hal_rcc.o
                0x08002bf8                HAL_RCC_GetHCLKFreq
 .text.HAL_RCC_GetPCLK1Freq
                0x08002c10       0x28 ./Drivers/STM32F4xx_HAL_Driver/Src/stm32f4xx_hal_rcc.o
                0x08002c10                HAL_RCC_GetPCLK1Freq
 .text.HAL_RCC_GetClockConfig
                0x08002c38       0x64 ./Drivers/STM32F4xx_HAL_Driver/Src/stm32f4xx_hal_rcc.o
                0x08002c38                HAL_RCC_GetClockConfig
 .text.HAL_TIM_Base_Init
                0x08002c9c       0x9e ./Drivers/STM32F4xx_HAL_Driver/Src/stm32f4xx_hal_tim.o
                0x08002c9c                HAL_TIM_Base_Init
 .text.HAL_TIM_Base_MspInit
                0x08002d3a       0x14 ./Drivers/STM32F4xx_HAL_Driver/Src/stm32f4xx_hal_tim.o
                0x08002d3a                HAL_TIM_Base_MspInit
 *fill*         0x08002d4e        0x2 
 .text.HAL_TIM_Base_Start_IT
                0x08002d50       0xe0 ./Drivers/STM32F4xx_HAL_Driver/Src/stm32f4xx_hal_tim.o
                0x08002d50                HAL_TIM_Base_Start_IT
 .text.HAL_TIM_IRQHandler
                0x08002e30      0x1e0 ./Drivers/STM32F4xx_HAL_Driver/Src/stm32f4xx_hal_tim.o
                0x08002e30                HAL_TIM_IRQHandler
 .text.HAL_TIM_OC_DelayElapsedCallback
                0x08003010       0x14 ./Drivers/STM32F4xx_HAL_Driver/Src/stm32f4xx_hal_tim.o
                0x08003010                HAL_TIM_OC_DelayElapsedCallback
 .text.HAL_TIM_IC_CaptureCallback
                0x08003024       0x14 ./Drivers/STM32F4xx_HAL_Driver/Src/stm32f4xx_hal_tim.o
                0x08003024                HAL_TIM_IC_CaptureCallback
 .text.HAL_TIM_PWM_PulseFinishedCallback
                0x08003038       0x14 ./Drivers/STM32F4xx_HAL_Driver/Src/stm32f4xx_hal_tim.o
                0x08003038                HAL_TIM_PWM_PulseFinishedCallback
 .text.HAL_TIM_TriggerCallback
                0x0800304c       0x14 ./Drivers/STM32F4xx_HAL_Driver/Src/stm32f4xx_hal_tim.o
                0x0800304c                HAL_TIM_TriggerCallback
 .text.TIM_Base_SetConfig
                0x08003060      0x14c ./Drivers/STM32F4xx_HAL_Driver/Src/stm32f4xx_hal_tim.o
                0x08003060                TIM_Base_SetConfig
 .text.HAL_TIMEx_CommutCallback
                0x080031ac       0x14 ./Drivers/STM32F4xx_HAL_Driver/Src/stm32f4xx_hal_tim_ex.o
                0x080031ac                HAL_TIMEx_CommutCallback
 .text.HAL_TIMEx_BreakCallback
                0x080031c0       0x14 ./Drivers/STM32F4xx_HAL_Driver/Src/stm32f4xx_hal_tim_ex.o
                0x080031c0                HAL_TIMEx_BreakCallback
 .text.__NVIC_SetPriority
                0x080031d4       0x54 ./Middlewares/Third_Party/FreeRTOS/Source/CMSIS_RTOS_V2/cmsis_os2.o
 .text.SysTick_Handler
                0x08003228       0x20 ./Middlewares/Third_Party/FreeRTOS/Source/CMSIS_RTOS_V2/cmsis_os2.o
                0x08003228                SysTick_Handler
 .text.SVC_Setup
                0x08003248       0x12 ./Middlewares/Third_Party/FreeRTOS/Source/CMSIS_RTOS_V2/cmsis_os2.o
 *fill*         0x0800325a        0x2 
 .text.osKernelInitialize
                0x0800325c       0x48 ./Middlewares/Third_Party/FreeRTOS/Source/CMSIS_RTOS_V2/cmsis_os2.o
                0x0800325c                osKernelInitialize
 .text.osKernelStart
                0x080032a4       0x4c ./Middlewares/Third_Party/FreeRTOS/Source/CMSIS_RTOS_V2/cmsis_os2.o
                0x080032a4                osKernelStart
 .text.osThreadNew
                0x080032f0      0x124 ./Middlewares/Third_Party/FreeRTOS/Source/CMSIS_RTOS_V2/cmsis_os2.o
                0x080032f0                osThreadNew
 .text.osDelay  0x08003414       0x36 ./Middlewares/Third_Party/FreeRTOS/Source/CMSIS_RTOS_V2/cmsis_os2.o
                0x08003414                osDelay
 .text.osMessageQueueNew
                0x0800344a       0xe6 ./Middlewares/Third_Party/FreeRTOS/Source/CMSIS_RTOS_V2/cmsis_os2.o
                0x0800344a                osMessageQueueNew
 .text.osMessageQueuePut
                0x08003530       0xc0 ./Middlewares/Third_Party/FreeRTOS/Source/CMSIS_RTOS_V2/cmsis_os2.o
                0x08003530                osMessageQueuePut
 .text.osMessageQueueGet
                0x080035f0       0xbc ./Middlewares/Third_Party/FreeRTOS/Source/CMSIS_RTOS_V2/cmsis_os2.o
                0x080035f0                osMessageQueueGet
 .text.vApplicationGetIdleTaskMemory
                0x080036ac       0x34 ./Middlewares/Third_Party/FreeRTOS/Source/CMSIS_RTOS_V2/cmsis_os2.o
                0x080036ac                vApplicationGetIdleTaskMemory
 .text.vApplicationGetTimerTaskMemory
                0x080036e0       0x34 ./Middlewares/Third_Party/FreeRTOS/Source/CMSIS_RTOS_V2/cmsis_os2.o
                0x080036e0                vApplicationGetTimerTaskMemory
 .text.vListInitialise
                0x08003714       0x40 ./Middlewares/Third_Party/FreeRTOS/Source/list.o
                0x08003714                vListInitialise
 .text.vListInitialiseItem
                0x08003754       0x1a ./Middlewares/Third_Party/FreeRTOS/Source/list.o
                0x08003754                vListInitialiseItem
 .text.vListInsertEnd
                0x0800376e       0x48 ./Middlewares/Third_Party/FreeRTOS/Source/list.o
                0x0800376e                vListInsertEnd
 .text.vListInsert
                0x080037b6       0x72 ./Middlewares/Third_Party/FreeRTOS/Source/list.o
                0x080037b6                vListInsert
 .text.uxListRemove
                0x08003828       0x54 ./Middlewares/Third_Party/FreeRTOS/Source/list.o
                0x08003828                uxListRemove
 .text.xQueueGenericReset
                0x0800387c       0xd4 ./Middlewares/Third_Party/FreeRTOS/Source/queue.o
                0x0800387c                xQueueGenericReset
 .text.xQueueGenericCreateStatic
                0x08003950       0xfa ./Middlewares/Third_Party/FreeRTOS/Source/queue.o
                0x08003950                xQueueGenericCreateStatic
 .text.xQueueGenericCreate
                0x08003a4a       0x76 ./Middlewares/Third_Party/FreeRTOS/Source/queue.o
                0x08003a4a                xQueueGenericCreate
 .text.prvInitialiseNewQueue
                0x08003ac0       0x46 ./Middlewares/Third_Party/FreeRTOS/Source/queue.o
 *fill*         0x08003b06        0x2 
 .text.xQueueGenericSend
                0x08003b08      0x204 ./Middlewares/Third_Party/FreeRTOS/Source/queue.o
                0x08003b08                xQueueGenericSend
 .text.xQueueGenericSendFromISR
                0x08003d0c      0x13c ./Middlewares/Third_Party/FreeRTOS/Source/queue.o
                0x08003d0c                xQueueGenericSendFromISR
 .text.xQueueReceive
                0x08003e48      0x1c4 ./Middlewares/Third_Party/FreeRTOS/Source/queue.o
                0x08003e48                xQueueReceive
 .text.xQueueReceiveFromISR
                0x0800400c      0x104 ./Middlewares/Third_Party/FreeRTOS/Source/queue.o
                0x0800400c                xQueueReceiveFromISR
 .text.prvCopyDataToQueue
                0x08004110       0xd4 ./Middlewares/Third_Party/FreeRTOS/Source/queue.o
 .text.prvCopyDataFromQueue
                0x080041e4       0x4c ./Middlewares/Third_Party/FreeRTOS/Source/queue.o
 .text.prvUnlockQueue
                0x08004230       0xa4 ./Middlewares/Third_Party/FreeRTOS/Source/queue.o
 .text.prvIsQueueEmpty
                0x080042d4       0x2c ./Middlewares/Third_Party/FreeRTOS/Source/queue.o
 .text.prvIsQueueFull
                0x08004300       0x30 ./Middlewares/Third_Party/FreeRTOS/Source/queue.o
 .text.vQueueAddToRegistry
                0x08004330       0x54 ./Middlewares/Third_Party/FreeRTOS/Source/queue.o
                0x08004330                vQueueAddToRegistry
 .text.vQueueWaitForMessageRestricted
                0x08004384       0x68 ./Middlewares/Third_Party/FreeRTOS/Source/queue.o
                0x08004384                vQueueWaitForMessageRestricted
 .text.xTaskCreateStatic
                0x080043ec       0xc0 ./Middlewares/Third_Party/FreeRTOS/Source/tasks.o
                0x080043ec                xTaskCreateStatic
 .text.xTaskCreate
                0x080044ac       0x8a ./Middlewares/Third_Party/FreeRTOS/Source/tasks.o
                0x080044ac                xTaskCreate
 *fill*         0x08004536        0x2 
 .text.prvInitialiseNewTask
                0x08004538      0x150 ./Middlewares/Third_Party/FreeRTOS/Source/tasks.o
 .text.prvAddNewTaskToReadyList
                0x08004688       0xe0 ./Middlewares/Third_Party/FreeRTOS/Source/tasks.o
 .text.vTaskDelay
                0x08004768       0x6c ./Middlewares/Third_Party/FreeRTOS/Source/tasks.o
                0x08004768                vTaskDelay
 .text.vTaskStartScheduler
                0x080047d4       0xe0 ./Middlewares/Third_Party/FreeRTOS/Source/tasks.o
                0x080047d4                vTaskStartScheduler
 .text.vTaskSuspendAll
                0x080048b4       0x1c ./Middlewares/Third_Party/FreeRTOS/Source/tasks.o
                0x080048b4                vTaskSuspendAll
 .text.xTaskResumeAll
                0x080048d0      0x13c ./Middlewares/Third_Party/FreeRTOS/Source/tasks.o
                0x080048d0                xTaskResumeAll
 .text.xTaskGetTickCount
                0x08004a0c       0x20 ./Middlewares/Third_Party/FreeRTOS/Source/tasks.o
                0x08004a0c                xTaskGetTickCount
 .text.xTaskIncrementTick
                0x08004a2c      0x174 ./Middlewares/Third_Party/FreeRTOS/Source/tasks.o
                0x08004a2c                xTaskIncrementTick
 .text.vTaskSwitchContext
                0x08004ba0       0xcc ./Middlewares/Third_Party/FreeRTOS/Source/tasks.o
                0x08004ba0                vTaskSwitchContext
 .text.vTaskPlaceOnEventList
                0x08004c6c       0x4c ./Middlewares/Third_Party/FreeRTOS/Source/tasks.o
                0x08004c6c                vTaskPlaceOnEventList
 .text.vTaskPlaceOnEventListRestricted
                0x08004cb8       0x58 ./Middlewares/Third_Party/FreeRTOS/Source/tasks.o
                0x08004cb8                vTaskPlaceOnEventListRestricted
 .text.xTaskRemoveFromEventList
                0x08004d10       0xc8 ./Middlewares/Third_Party/FreeRTOS/Source/tasks.o
                0x08004d10                xTaskRemoveFromEventList
 .text.vTaskInternalSetTimeOutState
                0x08004dd8       0x2c ./Middlewares/Third_Party/FreeRTOS/Source/tasks.o
                0x08004dd8                vTaskInternalSetTimeOutState
 .text.xTaskCheckForTimeOut
                0x08004e04       0xc8 ./Middlewares/Third_Party/FreeRTOS/Source/tasks.o
                0x08004e04                xTaskCheckForTimeOut
 .text.vTaskMissedYield
                0x08004ecc       0x18 ./Middlewares/Third_Party/FreeRTOS/Source/tasks.o
                0x08004ecc                vTaskMissedYield
 .text.prvIdleTask
                0x08004ee4       0x30 ./Middlewares/Third_Party/FreeRTOS/Source/tasks.o
 .text.prvInitialiseTaskLists
                0x08004f14       0x80 ./Middlewares/Third_Party/FreeRTOS/Source/tasks.o
 .text.prvCheckTasksWaitingTermination
                0x08004f94       0x5c ./Middlewares/Third_Party/FreeRTOS/Source/tasks.o
 .text.prvDeleteTCB
                0x08004ff0       0x6a ./Middlewares/Third_Party/FreeRTOS/Source/tasks.o
 *fill*         0x0800505a        0x2 
 .text.prvResetNextTaskUnblockTime
                0x0800505c       0x40 ./Middlewares/Third_Party/FreeRTOS/Source/tasks.o
 .text.xTaskGetSchedulerState
                0x0800509c       0x3c ./Middlewares/Third_Party/FreeRTOS/Source/tasks.o
                0x0800509c                xTaskGetSchedulerState
 .text.xTaskPriorityDisinherit
                0x080050d8       0xe0 ./Middlewares/Third_Party/FreeRTOS/Source/tasks.o
                0x080050d8                xTaskPriorityDisinherit
 .text.prvAddCurrentTaskToDelayedList
                0x080051b8       0xa8 ./Middlewares/Third_Party/FreeRTOS/Source/tasks.o
 .text.xTimerCreateTimerTask
                0x08005260       0x94 ./Middlewares/Third_Party/FreeRTOS/Source/timers.o
                0x08005260                xTimerCreateTimerTask
 .text.xTimerGenericCommand
                0x080052f4       0x9c ./Middlewares/Third_Party/FreeRTOS/Source/timers.o
                0x080052f4                xTimerGenericCommand
 .text.prvProcessExpiredTimer
                0x08005390       0x9c ./Middlewares/Third_Party/FreeRTOS/Source/timers.o
 .text.prvTimerTask
                0x0800542c       0x26 ./Middlewares/Third_Party/FreeRTOS/Source/timers.o
 *fill*         0x08005452        0x2 
 .text.prvProcessTimerOrBlockTask
                0x08005454       0x9c ./Middlewares/Third_Party/FreeRTOS/Source/timers.o
 .text.prvGetNextExpireTime
                0x080054f0       0x48 ./Middlewares/Third_Party/FreeRTOS/Source/timers.o
 .text.prvSampleTimeNow
                0x08005538       0x40 ./Middlewares/Third_Party/FreeRTOS/Source/timers.o
 .text.prvInsertTimerInActiveList
                0x08005578       0x84 ./Middlewares/Third_Party/FreeRTOS/Source/timers.o
 .text.prvProcessReceivedCommands
                0x080055fc      0x1cc ./Middlewares/Third_Party/FreeRTOS/Source/timers.o
 .text.prvSwitchTimerLists
                0x080057c8       0xcc ./Middlewares/Third_Party/FreeRTOS/Source/timers.o
 .text.prvCheckForValidListAndQueue
                0x08005894       0x80 ./Middlewares/Third_Party/FreeRTOS/Source/timers.o
 .text.pxPortInitialiseStack
                0x08005914       0x68 ./Middlewares/Third_Party/FreeRTOS/Source/portable/GCC/ARM_CM4F/port.o
                0x08005914                pxPortInitialiseStack
 .text.prvTaskExitError
                0x0800597c       0x5c ./Middlewares/Third_Party/FreeRTOS/Source/portable/GCC/ARM_CM4F/port.o
 *fill*         0x080059d8        0x8 
 .text.SVC_Handler
                0x080059e0       0x28 ./Middlewares/Third_Party/FreeRTOS/Source/portable/GCC/ARM_CM4F/port.o
                0x080059e0                SVC_Handler
 .text.prvPortStartFirstTask
                0x08005a08       0x28 ./Middlewares/Third_Party/FreeRTOS/Source/portable/GCC/ARM_CM4F/port.o
 .text.xPortStartScheduler
                0x08005a30      0x148 ./Middlewares/Third_Party/FreeRTOS/Source/portable/GCC/ARM_CM4F/port.o
                0x08005a30                xPortStartScheduler
 .text.vPortEnterCritical
                0x08005b78       0x64 ./Middlewares/Third_Party/FreeRTOS/Source/portable/GCC/ARM_CM4F/port.o
                0x08005b78                vPortEnterCritical
 .text.vPortExitCritical
                0x08005bdc       0x54 ./Middlewares/Third_Party/FreeRTOS/Source/portable/GCC/ARM_CM4F/port.o
                0x08005bdc                vPortExitCritical
 .text.PendSV_Handler
                0x08005c30       0x68 ./Middlewares/Third_Party/FreeRTOS/Source/portable/GCC/ARM_CM4F/port.o
                0x08005c30                PendSV_Handler
 .text.xPortSysTickHandler
                0x08005c98       0x44 ./Middlewares/Third_Party/FreeRTOS/Source/portable/GCC/ARM_CM4F/port.o
                0x08005c98                xPortSysTickHandler
 .text.vPortSetupTimerInterrupt
                0x08005cdc       0x48 ./Middlewares/Third_Party/FreeRTOS/Source/portable/GCC/ARM_CM4F/port.o
                0x08005cdc                vPortSetupTimerInterrupt
 .text.vPortEnableVFP
                0x08005d24       0x14 ./Middlewares/Third_Party/FreeRTOS/Source/portable/GCC/ARM_CM4F/port.o
 .text.vPortValidateInterruptPriority
                0x08005d38       0x84 ./Middlewares/Third_Party/FreeRTOS/Source/portable/GCC/ARM_CM4F/port.o
                0x08005d38                vPortValidateInterruptPriority
 .text.pvPortMalloc
                0x08005dbc      0x19c ./Middlewares/Third_Party/FreeRTOS/Source/portable/MemMang/heap_4.o
                0x08005dbc                pvPortMalloc
 .text.vPortFree
                0x08005f58       0xc8 ./Middlewares/Third_Party/FreeRTOS/Source/portable/MemMang/heap_4.o
                0x08005f58                vPortFree
 .text.prvHeapInit
                0x08006020       0xc4 ./Middlewares/Third_Party/FreeRTOS/Source/portable/MemMang/heap_4.o
 .text.prvInsertBlockIntoFreeList
                0x080060e4       0xb4 ./Middlewares/Third_Party/FreeRTOS/Source/portable/MemMang/heap_4.o
 .text.memset   0x08006198       0x10 /home/vinothkannan/st/stm32cubeide_1.19.0/plugins/com.st.stm32cube.ide.mcu.externaltools.gnu-tools-for-stm32.13.3.rel1.linux64_1.0.0.202410170706/tools/bin/../lib/gcc/arm-none-eabi/13.3.1/../../../../arm-none-eabi/lib/thumb/v7e-m+fp/hard/libc_nano.a(libc_a-memset.o)
                0x08006198                memset
 .text._reclaim_reent
                0x080061a8       0xbc /home/vinothkannan/st/stm32cubeide_1.19.0/plugins/com.st.stm32cube.ide.mcu.externaltools.gnu-tools-for-stm32.13.3.rel1.linux64_1.0.0.202410170706/tools/bin/../lib/gcc/arm-none-eabi/13.3.1/../../../../arm-none-eabi/lib/thumb/v7e-m+fp/hard/libc_nano.a(libc_a-reent.o)
                0x080061a8                _reclaim_reent
 .text.__libc_init_array
                0x08006264       0x48 /home/vinothkannan/st/stm32cubeide_1.19.0/plugins/com.st.stm32cube.ide.mcu.externaltools.gnu-tools-for-stm32.13.3.rel1.linux64_1.0.0.202410170706/tools/bin/../lib/gcc/arm-none-eabi/13.3.1/../../../../arm-none-eabi/lib/thumb/v7e-m+fp/hard/libc_nano.a(libc_a-init.o)
                0x08006264                __libc_init_array
 .text.__retarget_lock_acquire_recursive
                0x080062ac        0x2 /home/vinothkannan/st/stm32cubeide_1.19.0/plugins/com.st.stm32cube.ide.mcu.externaltools.gnu-tools-for-stm32.13.3.rel1.linux64_1.0.0.202410170706/tools/bin/../lib/gcc/arm-none-eabi/13.3.1/../../../../arm-none-eabi/lib/thumb/v7e-m+fp/hard/libc_nano.a(libc_a-lock.o)
                0x080062ac                __retarget_lock_acquire_recursive
 .text.__retarget_lock_release_recursive
                0x080062ae        0x2 /home/vinothkannan/st/stm32cubeide_1.19.0/plugins/com.st.stm32cube.ide.mcu.externaltools.gnu-tools-for-stm32.13.3.rel1.linux64_1.0.0.202410170706/tools/bin/../lib/gcc/arm-none-eabi/13.3.1/../../../../arm-none-eabi/lib/thumb/v7e-m+fp/hard/libc_nano.a(libc_a-lock.o)
                0x080062ae                __retarget_lock_release_recursive
 .text.memcpy   0x080062b0       0x1c /home/vinothkannan/st/stm32cubeide_1.19.0/plugins/com.st.stm32cube.ide.mcu.externaltools.gnu-tools-for-stm32.13.3.rel1.linux64_1.0.0.202410170706/tools/bin/../lib/gcc/arm-none-eabi/13.3.1/../../../../arm-none-eabi/lib/thumb/v7e-m+fp/hard/libc_nano.a(libc_a-memcpy-stub.o)
                0x080062b0                memcpy
 .text._free_r  0x080062cc       0x94 /home/vinothkannan/st/stm32cubeide_1.19.0/plugins/com.st.stm32cube.ide.mcu.externaltools.gnu-tools-for-stm32.13.3.rel1.linux64_1.0.0.202410170706/tools/bin/../lib/gcc/arm-none-eabi/13.3.1/../../../../arm-none-eabi/lib/thumb/v7e-m+fp/hard/libc_nano.a(libc_a-freer.o)
                0x080062cc                _free_r
 .text.__malloc_lock
                0x08006360        0xc /home/vinothkannan/st/stm32cubeide_1.19.0/plugins/com.st.stm32cube.ide.mcu.externaltools.gnu-tools-for-stm32.13.3.rel1.linux64_1.0.0.202410170706/tools/bin/../lib/gcc/arm-none-eabi/13.3.1/../../../../arm-none-eabi/lib/thumb/v7e-m+fp/hard/libc_nano.a(libc_a-mlock.o)
                0x08006360                __malloc_lock
 .text.__malloc_unlock
                0x0800636c        0xc /home/vinothkannan/st/stm32cubeide_1.19.0/plugins/com.st.stm32cube.ide.mcu.externaltools.gnu-tools-for-stm32.13.3.rel1.linux64_1.0.0.202410170706/tools/bin/../lib/gcc/arm-none-eabi/13.3.1/../../../../arm-none-eabi/lib/thumb/v7e-m+fp/hard/libc_nano.a(libc_a-mlock.o)
                0x0800636c                __malloc_unlock
 *(.glue_7)
 .glue_7        0x08006378        0x0 linker stubs
 *(.glue_7t)
 .glue_7t       0x08006378        0x0 linker stubs
 *(.eh_frame)
 .eh_frame      0x08006378        0x0 /home/vinothkannan/st/stm32cubeide_1.19.0/plugins/com.st.stm32cube.ide.mcu.externaltools.gnu-tools-for-stm32.13.3.rel1.linux64_1.0.0.202410170706/tools/bin/../lib/gcc/arm-none-eabi/13.3.1/thumb/v7e-m+fp/hard/crtbegin.o
 *(.init)
 .init          0x08006378        0x4 /home/vinothkannan/st/stm32cubeide_1.19.0/plugins/com.st.stm32cube.ide.mcu.externaltools.gnu-tools-for-stm32.13.3.rel1.linux64_1.0.0.202410170706/tools/bin/../lib/gcc/arm-none-eabi/13.3.1/thumb/v7e-m+fp/hard/crti.o
                0x08006378                _init
 .init          0x0800637c        0x8 /home/vinothkannan/st/stm32cubeide_1.19.0/plugins/com.st.stm32cube.ide.mcu.externaltools.gnu-tools-for-stm32.13.3.rel1.linux64_1.0.0.202410170706/tools/bin/../lib/gcc/arm-none-eabi/13.3.1/thumb/v7e-m+fp/hard/crtn.o
 *(.fini)
 .fini          0x08006384        0x4 /home/vinothkannan/st/stm32cubeide_1.19.0/plugins/com.st.stm32cube.ide.mcu.externaltools.gnu-tools-for-stm32.13.3.rel1.linux64_1.0.0.202410170706/tools/bin/../lib/gcc/arm-none-eabi/13.3.1/thumb/v7e-m+fp/hard/crti.o
                0x08006384                _fini
 .fini          0x08006388        0x8 /home/vinothkannan/st/stm32cubeide_1.19.0/plugins/com.st.stm32cube.ide.mcu.externaltools.gnu-tools-for-stm32.13.3.rel1.linux64_1.0.0.202410170706/tools/bin/../lib/gcc/arm-none-eabi/13.3.1/thumb/v7e-m+fp/hard/crtn.o
                0x08006390                        . = ALIGN (0x4)
                0x08006390                        _etext = .

.vfp11_veneer   0x08006390        0x0
 .vfp11_veneer  0x08006390        0x0 linker stubs

.v4_bx          0x08006390        0x0
 .v4_bx         0x08006390        0x0 linker stubs

.iplt           0x08006390        0x0
 .iplt          0x08006390        0x0 /home/vinothkannan/st/stm32cubeide_1.19.0/plugins/com.st.stm32cube.ide.mcu.externaltools.gnu-tools-for-stm32.13.3.rel1.linux64_1.0.0.202410170706/tools/bin/../lib/gcc/arm-none-eabi/13.3.1/thumb/v7e-m+fp/hard/crtbegin.o

.rodata         0x08006390       0xf0
                0x08006390                        . = ALIGN (0x4)
 *(.rodata)
 .rodata        0x08006390       0x46 ./Core/Src/main.o
 *fill*         0x080063d6        0x2 
 .rodata        0x080063d8        0x5 ./Middlewares/Third_Party/FreeRTOS/Source/tasks.o
 *fill*         0x080063dd        0x3 
 .rodata        0x080063e0        0xd ./Middlewares/Third_Party/FreeRTOS/Source/timers.o
 *(.rodata*)
 *fill*         0x080063ed        0x3 
 .rodata.CAN1RX_Data_Pro_attributes
                0x080063f0       0x24 ./Core/Src/main.o
                0x080063f0                CAN1RX_Data_Pro_attributes
 .rodata.CAN2RX_Data_Pro_attributes
                0x08006414       0x24 ./Core/Src/main.o
                0x08006414                CAN2RX_Data_Pro_attributes
 .rodata.CAN1RX_Data_Queue_attributes
                0x08006438       0x18 ./Core/Src/main.o
                0x08006438                CAN1RX_Data_Queue_attributes
 .rodata.CAN2RX_Data_Queue_attributes
                0x08006450       0x18 ./Core/Src/main.o
                0x08006450                CAN2RX_Data_Queue_attributes
 .rodata.AHBPrescTable
                0x08006468       0x10 ./Core/Src/system_stm32f4xx.o
                0x08006468                AHBPrescTable
 .rodata.APBPrescTable
                0x08006478        0x8 ./Core/Src/system_stm32f4xx.o
                0x08006478                APBPrescTable
                0x08006480                        . = ALIGN (0x4)

.ARM.extab      0x08006480        0x0
                0x08006480                        . = ALIGN (0x4)
 *(.ARM.extab* .gnu.linkonce.armextab.*)
                0x08006480                        . = ALIGN (0x4)

.ARM            0x08006480        0x8
                0x08006480                        . = ALIGN (0x4)
                0x08006480                        __exidx_start = .
 *(.ARM.exidx*)
 .ARM.exidx     0x08006480        0x8 /home/vinothkannan/st/stm32cubeide_1.19.0/plugins/com.st.stm32cube.ide.mcu.externaltools.gnu-tools-for-stm32.13.3.rel1.linux64_1.0.0.202410170706/tools/bin/../lib/gcc/arm-none-eabi/13.3.1/thumb/v7e-m+fp/hard/libgcc.a(_udivmoddi4.o)
                0x08006488                        __exidx_end = .
                0x08006488                        . = ALIGN (0x4)

.preinit_array  0x08006488        0x0
                0x08006488                        . = ALIGN (0x4)
                0x08006488                        PROVIDE (__preinit_array_start = .)
 *(.preinit_array*)
                0x08006488                        PROVIDE (__preinit_array_end = .)
                0x08006488                        . = ALIGN (0x4)

.init_array     0x08006488        0x4
                0x08006488                        . = ALIGN (0x4)
                0x08006488                        PROVIDE (__init_array_start = .)
 *(SORT_BY_NAME(.init_array.*))
 *(.init_array*)
 .init_array    0x08006488        0x4 /home/vinothkannan/st/stm32cubeide_1.19.0/plugins/com.st.stm32cube.ide.mcu.externaltools.gnu-tools-for-stm32.13.3.rel1.linux64_1.0.0.202410170706/tools/bin/../lib/gcc/arm-none-eabi/13.3.1/thumb/v7e-m+fp/hard/crtbegin.o
                0x0800648c                        PROVIDE (__init_array_end = .)
                0x0800648c                        . = ALIGN (0x4)

.fini_array     0x0800648c        0x4
                0x0800648c                        . = ALIGN (0x4)
                [!provide]                        PROVIDE (__fini_array_start = .)
 *(SORT_BY_NAME(.fini_array.*))
 *(.fini_array*)
 .fini_array    0x0800648c        0x4 /home/vinothkannan/st/stm32cubeide_1.19.0/plugins/com.st.stm32cube.ide.mcu.externaltools.gnu-tools-for-stm32.13.3.rel1.linux64_1.0.0.202410170706/tools/bin/../lib/gcc/arm-none-eabi/13.3.1/thumb/v7e-m+fp/hard/crtbegin.o
                [!provide]                        PROVIDE (__fini_array_end = .)
                0x08006490                        . = ALIGN (0x4)
                0x08006490                        _sidata = LOADADDR (.data)

.rel.dyn        0x08006490        0x0
 .rel.iplt      0x08006490        0x0 /home/vinothkannan/st/stm32cubeide_1.19.0/plugins/com.st.stm32cube.ide.mcu.externaltools.gnu-tools-for-stm32.13.3.rel1.linux64_1.0.0.202410170706/tools/bin/../lib/gcc/arm-none-eabi/13.3.1/thumb/v7e-m+fp/hard/crtbegin.o

.data           0x20000000       0x60 load address 0x08006490
                0x20000000                        . = ALIGN (0x4)
                0x20000000                        _sdata = .
 *(.data)
 *(.data*)
 .data.SystemCoreClock
                0x20000000        0x4 ./Core/Src/system_stm32f4xx.o
                0x20000000                SystemCoreClock
 .data.uwTickPrio
                0x20000004        0x4 ./Drivers/STM32F4xx_HAL_Driver/Src/stm32f4xx_hal.o
                0x20000004                uwTickPrio
 .data.uwTickFreq
                0x20000008        0x1 ./Drivers/STM32F4xx_HAL_Driver/Src/stm32f4xx_hal.o
                0x20000008                uwTickFreq
 *fill*         0x20000009        0x3 
 .data.uxCriticalNesting
                0x2000000c        0x4 ./Middlewares/Third_Party/FreeRTOS/Source/portable/GCC/ARM_CM4F/port.o
 .data._impure_ptr
                0x20000010        0x4 /home/vinothkannan/st/stm32cubeide_1.19.0/plugins/com.st.stm32cube.ide.mcu.externaltools.gnu-tools-for-stm32.13.3.rel1.linux64_1.0.0.202410170706/tools/bin/../lib/gcc/arm-none-eabi/13.3.1/../../../../arm-none-eabi/lib/thumb/v7e-m+fp/hard/libc_nano.a(libc_a-impure.o)
                0x20000010                _impure_ptr
 .data._impure_data
                0x20000014       0x4c /home/vinothkannan/st/stm32cubeide_1.19.0/plugins/com.st.stm32cube.ide.mcu.externaltools.gnu-tools-for-stm32.13.3.rel1.linux64_1.0.0.202410170706/tools/bin/../lib/gcc/arm-none-eabi/13.3.1/../../../../arm-none-eabi/lib/thumb/v7e-m+fp/hard/libc_nano.a(libc_a-impure.o)
                0x20000014                _impure_data
 *(.RamFunc)
 *(.RamFunc*)
                0x20000060                        . = ALIGN (0x4)
                0x20000060                        _edata = .
                0x080064f0                        _siccmram = LOADADDR (.ccmram)

.igot.plt       0x20000060        0x0 load address 0x080064f0
 .igot.plt      0x20000060        0x0 /home/vinothkannan/st/stm32cubeide_1.19.0/plugins/com.st.stm32cube.ide.mcu.externaltools.gnu-tools-for-stm32.13.3.rel1.linux64_1.0.0.202410170706/tools/bin/../lib/gcc/arm-none-eabi/13.3.1/thumb/v7e-m+fp/hard/crtbegin.o

.ccmram         0x10000000        0x0 load address 0x080064f0
                0x10000000                        . = ALIGN (0x4)
                0x10000000                        _sccmram = .
 *(.ccmram)
 *(.ccmram*)
                0x10000000                        . = ALIGN (0x4)
                0x10000000                        _eccmram = .
                0x10000000                        . = ALIGN (0x4)

.bss            0x20000060     0x4c84
                0x20000060                        _sbss = .
                0x20000060                        __bss_start__ = _sbss
 *(.bss)
 .bss           0x20000060       0x1c /home/vinothkannan/st/stm32cubeide_1.19.0/plugins/com.st.stm32cube.ide.mcu.externaltools.gnu-tools-for-stm32.13.3.rel1.linux64_1.0.0.202410170706/tools/bin/../lib/gcc/arm-none-eabi/13.3.1/thumb/v7e-m+fp/hard/crtbegin.o
 *(.bss*)
 .bss.CAN1RX_Header
                0x2000007c       0x1c ./Core/Src/main.o
                0x2000007c                CAN1RX_Header
 .bss.CAN1_Queue_TX
                0x20000098        0xe ./Core/Src/main.o
                0x20000098                CAN1_Queue_TX
 *fill*         0x200000a6        0x2 
 .bss.CAN1RX_DATA
                0x200000a8        0x8 ./Core/Src/main.o
                0x200000a8                CAN1RX_DATA
 .bss.CAN1RX_ID_Queue
                0x200000b0        0x4 ./Core/Src/main.o
                0x200000b0                CAN1RX_ID_Queue
 .bss.CAN1RX_IDE_DATA
                0x200000b4        0x4 ./Core/Src/main.o
                0x200000b4                CAN1RX_IDE_DATA
 .bss.CAN1RX_Std_ID_DATA
                0x200000b8        0x4 ./Core/Src/main.o
                0x200000b8                CAN1RX_Std_ID_DATA
 .bss.CAN1RX_Ext_ID_DATA
                0x200000bc        0x4 ./Core/Src/main.o
                0x200000bc                CAN1RX_Ext_ID_DATA
 .bss.CAN2RX_Header
                0x200000c0       0x1c ./Core/Src/main.o
                0x200000c0                CAN2RX_Header
 .bss.CAN2_Queue_TX
                0x200000dc        0xe ./Core/Src/main.o
                0x200000dc                CAN2_Queue_TX
 *fill*         0x200000ea        0x2 
 .bss.CAN2RX_DATA
                0x200000ec        0x8 ./Core/Src/main.o
                0x200000ec                CAN2RX_DATA
 .bss.CAN2RX_ID_Queue
                0x200000f4        0x4 ./Core/Src/main.o
                0x200000f4                CAN2RX_ID_Queue
 .bss.CAN2RX_IDE_DATA
                0x200000f8        0x4 ./Core/Src/main.o
                0x200000f8                CAN2RX_IDE_DATA
 .bss.CAN2RX_Std_ID_DATA
                0x200000fc        0x4 ./Core/Src/main.o
                0x200000fc                CAN2RX_Std_ID_DATA
 .bss.CAN2RX_Ext_ID_DATA
                0x20000100        0x4 ./Core/Src/main.o
                0x20000100                CAN2RX_Ext_ID_DATA
 .bss.CAN2_Timeout_Flag
                0x20000104        0x1 ./Core/Src/main.o
                0x20000104                CAN2_Timeout_Flag
 *fill*         0x20000105        0x3 
 .bss.Last_CAN2_RX_Tick
                0x20000108        0x4 ./Core/Src/main.o
                0x20000108                Last_CAN2_RX_Tick
 .bss.hcan1     0x2000010c       0x28 ./Core/Src/main.o
                0x2000010c                hcan1
 .bss.hcan2     0x20000134       0x28 ./Core/Src/main.o
                0x20000134                hcan2
 .bss.CAN1RX_Data_ProHandle
                0x2000015c        0x4 ./Core/Src/main.o
                0x2000015c                CAN1RX_Data_ProHandle
 .bss.CAN2RX_Data_ProHandle
                0x20000160        0x4 ./Core/Src/main.o
                0x20000160                CAN2RX_Data_ProHandle
 .bss.CAN1RX_Data_QueueHandle
                0x20000164        0x4 ./Core/Src/main.o
                0x20000164                CAN1RX_Data_QueueHandle
 .bss.CAN2RX_Data_QueueHandle
                0x20000168        0x4 ./Core/Src/main.o
                0x20000168                CAN2RX_Data_QueueHandle
 .bss.HAL_RCC_CAN1_CLK_ENABLED
                0x2000016c        0x4 ./Core/Src/stm32f4xx_hal_msp.o
 .bss.htim14    0x20000170       0x48 ./Core/Src/stm32f4xx_hal_timebase_tim.o
                0x20000170                htim14
 .bss.uwTick    0x200001b8        0x4 ./Drivers/STM32F4xx_HAL_Driver/Src/stm32f4xx_hal.o
                0x200001b8                uwTick
 .bss.KernelState
                0x200001bc        0x4 ./Middlewares/Third_Party/FreeRTOS/Source/CMSIS_RTOS_V2/cmsis_os2.o
 .bss.Idle_TCB.3
                0x200001c0       0xa8 ./Middlewares/Third_Party/FreeRTOS/Source/CMSIS_RTOS_V2/cmsis_os2.o
 .bss.Idle_Stack.2
                0x20000268      0x200 ./Middlewares/Third_Party/FreeRTOS/Source/CMSIS_RTOS_V2/cmsis_os2.o
 .bss.Timer_TCB.1
                0x20000468       0xa8 ./Middlewares/Third_Party/FreeRTOS/Source/CMSIS_RTOS_V2/cmsis_os2.o
 .bss.Timer_Stack.0
                0x20000510      0x400 ./Middlewares/Third_Party/FreeRTOS/Source/CMSIS_RTOS_V2/cmsis_os2.o
 .bss.xQueueRegistry
                0x20000910       0x40 ./Middlewares/Third_Party/FreeRTOS/Source/queue.o
                0x20000910                xQueueRegistry
 .bss.pxCurrentTCB
                0x20000950        0x4 ./Middlewares/Third_Party/FreeRTOS/Source/tasks.o
                0x20000950                pxCurrentTCB
 .bss.pxReadyTasksLists
                0x20000954      0x460 ./Middlewares/Third_Party/FreeRTOS/Source/tasks.o
 .bss.xDelayedTaskList1
                0x20000db4       0x14 ./Middlewares/Third_Party/FreeRTOS/Source/tasks.o
 .bss.xDelayedTaskList2
                0x20000dc8       0x14 ./Middlewares/Third_Party/FreeRTOS/Source/tasks.o
 .bss.pxDelayedTaskList
                0x20000ddc        0x4 ./Middlewares/Third_Party/FreeRTOS/Source/tasks.o
 .bss.pxOverflowDelayedTaskList
                0x20000de0        0x4 ./Middlewares/Third_Party/FreeRTOS/Source/tasks.o
 .bss.xPendingReadyList
                0x20000de4       0x14 ./Middlewares/Third_Party/FreeRTOS/Source/tasks.o
 .bss.xTasksWaitingTermination
                0x20000df8       0x14 ./Middlewares/Third_Party/FreeRTOS/Source/tasks.o
 .bss.uxDeletedTasksWaitingCleanUp
                0x20000e0c        0x4 ./Middlewares/Third_Party/FreeRTOS/Source/tasks.o
 .bss.xSuspendedTaskList
                0x20000e10       0x14 ./Middlewares/Third_Party/FreeRTOS/Source/tasks.o
 .bss.uxCurrentNumberOfTasks
                0x20000e24        0x4 ./Middlewares/Third_Party/FreeRTOS/Source/tasks.o
 .bss.xTickCount
                0x20000e28        0x4 ./Middlewares/Third_Party/FreeRTOS/Source/tasks.o
 .bss.uxTopReadyPriority
                0x20000e2c        0x4 ./Middlewares/Third_Party/FreeRTOS/Source/tasks.o
 .bss.xSchedulerRunning
                0x20000e30        0x4 ./Middlewares/Third_Party/FreeRTOS/Source/tasks.o
 .bss.xPendedTicks
                0x20000e34        0x4 ./Middlewares/Third_Party/FreeRTOS/Source/tasks.o
 .bss.xYieldPending
                0x20000e38        0x4 ./Middlewares/Third_Party/FreeRTOS/Source/tasks.o
 .bss.xNumOfOverflows
                0x20000e3c        0x4 ./Middlewares/Third_Party/FreeRTOS/Source/tasks.o
 .bss.uxTaskNumber
                0x20000e40        0x4 ./Middlewares/Third_Party/FreeRTOS/Source/tasks.o
 .bss.xNextTaskUnblockTime
                0x20000e44        0x4 ./Middlewares/Third_Party/FreeRTOS/Source/tasks.o
 .bss.xIdleTaskHandle
                0x20000e48        0x4 ./Middlewares/Third_Party/FreeRTOS/Source/tasks.o
 .bss.uxSchedulerSuspended
                0x20000e4c        0x4 ./Middlewares/Third_Party/FreeRTOS/Source/tasks.o
 .bss.xActiveTimerList1
                0x20000e50       0x14 ./Middlewares/Third_Party/FreeRTOS/Source/timers.o
 .bss.xActiveTimerList2
                0x20000e64       0x14 ./Middlewares/Third_Party/FreeRTOS/Source/timers.o
 .bss.pxCurrentTimerList
                0x20000e78        0x4 ./Middlewares/Third_Party/FreeRTOS/Source/timers.o
 .bss.pxOverflowTimerList
                0x20000e7c        0x4 ./Middlewares/Third_Party/FreeRTOS/Source/timers.o
 .bss.xTimerQueue
                0x20000e80        0x4 ./Middlewares/Third_Party/FreeRTOS/Source/timers.o
 .bss.xTimerTaskHandle
                0x20000e84        0x4 ./Middlewares/Third_Party/FreeRTOS/Source/timers.o
 .bss.xLastTime.2
                0x20000e88        0x4 ./Middlewares/Third_Party/FreeRTOS/Source/timers.o
 .bss.ucStaticTimerQueueStorage.1
                0x20000e8c       0xa0 ./Middlewares/Third_Party/FreeRTOS/Source/timers.o
 .bss.xStaticTimerQueue.0
                0x20000f2c       0x50 ./Middlewares/Third_Party/FreeRTOS/Source/timers.o
 .bss.ucMaxSysCallPriority
                0x20000f7c        0x1 ./Middlewares/Third_Party/FreeRTOS/Source/portable/GCC/ARM_CM4F/port.o
 *fill*         0x20000f7d        0x3 
 .bss.ulMaxPRIGROUPValue
                0x20000f80        0x4 ./Middlewares/Third_Party/FreeRTOS/Source/portable/GCC/ARM_CM4F/port.o
 .bss.ucHeap    0x20000f84     0x3c00 ./Middlewares/Third_Party/FreeRTOS/Source/portable/MemMang/heap_4.o
 .bss.xStart    0x20004b84        0x8 ./Middlewares/Third_Party/FreeRTOS/Source/portable/MemMang/heap_4.o
 .bss.pxEnd     0x20004b8c        0x4 ./Middlewares/Third_Party/FreeRTOS/Source/portable/MemMang/heap_4.o
 .bss.xFreeBytesRemaining
                0x20004b90        0x4 ./Middlewares/Third_Party/FreeRTOS/Source/portable/MemMang/heap_4.o
 .bss.xMinimumEverFreeBytesRemaining
                0x20004b94        0x4 ./Middlewares/Third_Party/FreeRTOS/Source/portable/MemMang/heap_4.o
 .bss.xNumberOfSuccessfulAllocations
                0x20004b98        0x4 ./Middlewares/Third_Party/FreeRTOS/Source/portable/MemMang/heap_4.o
 .bss.xNumberOfSuccessfulFrees
                0x20004b9c        0x4 ./Middlewares/Third_Party/FreeRTOS/Source/portable/MemMang/heap_4.o
 .bss.xBlockAllocatedBit
                0x20004ba0        0x4 ./Middlewares/Third_Party/FreeRTOS/Source/portable/MemMang/heap_4.o
 .bss.__sf      0x20004ba4      0x138 /home/vinothkannan/st/stm32cubeide_1.19.0/plugins/com.st.stm32cube.ide.mcu.externaltools.gnu-tools-for-stm32.13.3.rel1.linux64_1.0.0.202410170706/tools/bin/../lib/gcc/arm-none-eabi/13.3.1/../../../../arm-none-eabi/lib/thumb/v7e-m+fp/hard/libc_nano.a(libc_a-findfp.o)
                0x20004ba4                __sf
 .bss.__lock___malloc_recursive_mutex
                0x20004cdc        0x1 /home/vinothkannan/st/stm32cubeide_1.19.0/plugins/com.st.stm32cube.ide.mcu.externaltools.gnu-tools-for-stm32.13.3.rel1.linux64_1.0.0.202410170706/tools/bin/../lib/gcc/arm-none-eabi/13.3.1/../../../../arm-none-eabi/lib/thumb/v7e-m+fp/hard/libc_nano.a(libc_a-lock.o)
                0x20004cdc                __lock___malloc_recursive_mutex
 *fill*         0x20004cdd        0x3 
 .bss.__malloc_free_list
                0x20004ce0        0x4 /home/vinothkannan/st/stm32cubeide_1.19.0/plugins/com.st.stm32cube.ide.mcu.externaltools.gnu-tools-for-stm32.13.3.rel1.linux64_1.0.0.202410170706/tools/bin/../lib/gcc/arm-none-eabi/13.3.1/../../../../arm-none-eabi/lib/thumb/v7e-m+fp/hard/libc_nano.a(libc_a-mallocr.o)
                0x20004ce0                __malloc_free_list
 *(COMMON)
                0x20004ce4                        . = ALIGN (0x4)
                0x20004ce4                        _ebss = .
                0x20004ce4                        __bss_end__ = _ebss

._user_heap_stack
                0x20004ce4      0x604
                0x20004ce8                        . = ALIGN (0x8)
 *fill*         0x20004ce4        0x4 
                [!provide]                        PROVIDE (end = .)
                0x20004ce8                        PROVIDE (_end = .)
                0x20004ee8                        . = (. + _Min_Heap_Size)
 *fill*         0x20004ce8      0x200 
                0x200052e8                        . = (. + _Min_Stack_Size)
 *fill*         0x20004ee8      0x400 
                0x200052e8                        . = ALIGN (0x8)

/DISCARD/
 libc.a(*)
 libm.a(*)
 libgcc.a(*)

.ARM.attributes
                0x00000000       0x30
 *(.ARM.attributes)
 .ARM.attributes
                0x00000000       0x22 /home/vinothkannan/st/stm32cubeide_1.19.0/plugins/com.st.stm32cube.ide.mcu.externaltools.gnu-tools-for-stm32.13.3.rel1.linux64_1.0.0.202410170706/tools/bin/../lib/gcc/arm-none-eabi/13.3.1/thumb/v7e-m+fp/hard/crti.o
 .ARM.attributes
                0x00000022       0x34 /home/vinothkannan/st/stm32cubeide_1.19.0/plugins/com.st.stm32cube.ide.mcu.externaltools.gnu-tools-for-stm32.13.3.rel1.linux64_1.0.0.202410170706/tools/bin/../lib/gcc/arm-none-eabi/13.3.1/thumb/v7e-m+fp/hard/crtbegin.o
 .ARM.attributes
                0x00000056       0x34 ./Core/Src/main.o
 .ARM.attributes
                0x0000008a       0x34 ./Core/Src/stm32f4xx_hal_msp.o
 .ARM.attributes
                0x000000be       0x34 ./Core/Src/stm32f4xx_hal_timebase_tim.o
 .ARM.attributes
                0x000000f2       0x34 ./Core/Src/stm32f4xx_it.o
 .ARM.attributes
                0x00000126       0x34 ./Core/Src/system_stm32f4xx.o
 .ARM.attributes
                0x0000015a       0x21 ./Core/Startup/startup_stm32f407vetx.o
 .ARM.attributes
                0x0000017b       0x34 ./Drivers/STM32F4xx_HAL_Driver/Src/stm32f4xx_hal.o
 .ARM.attributes
                0x000001af       0x34 ./Drivers/STM32F4xx_HAL_Driver/Src/stm32f4xx_hal_can.o
 .ARM.attributes
                0x000001e3       0x34 ./Drivers/STM32F4xx_HAL_Driver/Src/stm32f4xx_hal_cortex.o
 .ARM.attributes
                0x00000217       0x34 ./Drivers/STM32F4xx_HAL_Driver/Src/stm32f4xx_hal_gpio.o
 .ARM.attributes
                0x0000024b       0x34 ./Drivers/STM32F4xx_HAL_Driver/Src/stm32f4xx_hal_rcc.o
 .ARM.attributes
                0x0000027f       0x34 ./Drivers/STM32F4xx_HAL_Driver/Src/stm32f4xx_hal_tim.o
 .ARM.attributes
                0x000002b3       0x34 ./Drivers/STM32F4xx_HAL_Driver/Src/stm32f4xx_hal_tim_ex.o
 .ARM.attributes
                0x000002e7       0x34 ./Middlewares/Third_Party/FreeRTOS/Source/CMSIS_RTOS_V2/cmsis_os2.o
 .ARM.attributes
                0x0000031b       0x34 ./Middlewares/Third_Party/FreeRTOS/Source/list.o
 .ARM.attributes
                0x0000034f       0x34 ./Middlewares/Third_Party/FreeRTOS/Source/queue.o
 .ARM.attributes
                0x00000383       0x34 ./Middlewares/Third_Party/FreeRTOS/Source/tasks.o
 .ARM.attributes
                0x000003b7       0x34 ./Middlewares/Third_Party/FreeRTOS/Source/timers.o
 .ARM.attributes
                0x000003eb       0x34 ./Middlewares/Third_Party/FreeRTOS/Source/portable/GCC/ARM_CM4F/port.o
 .ARM.attributes
                0x0000041f       0x34 ./Middlewares/Third_Party/FreeRTOS/Source/portable/MemMang/heap_4.o
 .ARM.attributes
                0x00000453       0x34 /home/vinothkannan/st/stm32cubeide_1.19.0/plugins/com.st.stm32cube.ide.mcu.externaltools.gnu-tools-for-stm32.13.3.rel1.linux64_1.0.0.202410170706/tools/bin/../lib/gcc/arm-none-eabi/13.3.1/../../../../arm-none-eabi/lib/thumb/v7e-m+fp/hard/libc_nano.a(libc_a-findfp.o)
 .ARM.attributes
                0x00000487       0x34 /home/vinothkannan/st/stm32cubeide_1.19.0/plugins/com.st.stm32cube.ide.mcu.externaltools.gnu-tools-for-stm32.13.3.rel1.linux64_1.0.0.202410170706/tools/bin/../lib/gcc/arm-none-eabi/13.3.1/../../../../arm-none-eabi/lib/thumb/v7e-m+fp/hard/libc_nano.a(libc_a-memset.o)
 .ARM.attributes
                0x000004bb       0x34 /home/vinothkannan/st/stm32cubeide_1.19.0/plugins/com.st.stm32cube.ide.mcu.externaltools.gnu-tools-for-stm32.13.3.rel1.linux64_1.0.0.202410170706/tools/bin/../lib/gcc/arm-none-eabi/13.3.1/../../../../arm-none-eabi/lib/thumb/v7e-m+fp/hard/libc_nano.a(libc_a-reent.o)
 .ARM.attributes
                0x000004ef       0x34 /home/vinothkannan/st/stm32cubeide_1.19.0/plugins/com.st.stm32cube.ide.mcu.externaltools.gnu-tools-for-stm32.13.3.rel1.linux64_1.0.0.202410170706/tools/bin/../lib/gcc/arm-none-eabi/13.3.1/../../../../arm-none-eabi/lib/thumb/v7e-m+fp/hard/libc_nano.a(libc_a-impure.o)
 .ARM.attributes
                0x00000523       0x34 /home/vinothkannan/st/stm32cubeide_1.19.0/plugins/com.st.stm32cube.ide.mcu.externaltools.gnu-tools-for-stm32.13.3.rel1.linux64_1.0.0.202410170706/tools/bin/../lib/gcc/arm-none-eabi/13.3.1/../../../../arm-none-eabi/lib/thumb/v7e-m+fp/hard/libc_nano.a(libc_a-init.o)
 .ARM.attributes
                0x00000557       0x34 /home/vinothkannan/st/stm32cubeide_1.19.0/plugins/com.st.stm32cube.ide.mcu.externaltools.gnu-tools-for-stm32.13.3.rel1.linux64_1.0.0.202410170706/tools/bin/../lib/gcc/arm-none-eabi/13.3.1/../../../../arm-none-eabi/lib/thumb/v7e-m+fp/hard/libc_nano.a(libc_a-lock.o)
 .ARM.attributes
                0x0000058b       0x34 /home/vinothkannan/st/stm32cubeide_1.19.0/plugins/com.st.stm32cube.ide.mcu.externaltools.gnu-tools-for-stm32.13.3.rel1.linux64_1.0.0.202410170706/tools/bin/../lib/gcc/arm-none-eabi/13.3.1/../../../../arm-none-eabi/lib/thumb/v7e-m+fp/hard/libc_nano.a(libc_a-memcpy-stub.o)
 .ARM.attributes
                0x000005bf       0x34 /home/vinothkannan/st/stm32cubeide_1.19.0/plugins/com.st.stm32cube.ide.mcu.externaltools.gnu-tools-for-stm32.13.3.rel1.linux64_1.0.0.202410170706/tools/bin/../lib/gcc/arm-none-eabi/13.3.1/../../../../arm-none-eabi/lib/thumb/v7e-m+fp/hard/libc_nano.a(libc_a-freer.o)
 .ARM.attributes
                0x000005f3       0x34 /home/vinothkannan/st/stm32cubeide_1.19.0/plugins/com.st.stm32cube.ide.mcu.externaltools.gnu-tools-for-stm32.13.3.rel1.linux64_1.0.0.202410170706/tools/bin/../lib/gcc/arm-none-eabi/13.3.1/../../../../arm-none-eabi/lib/thumb/v7e-m+fp/hard/libc_nano.a(libc_a-mallocr.o)
 .ARM.attributes
                0x00000627       0x34 /home/vinothkannan/st/stm32cubeide_1.19.0/plugins/com.st.stm32cube.ide.mcu.externaltools.gnu-tools-for-stm32.13.3.rel1.linux64_1.0.0.202410170706/tools/bin/../lib/gcc/arm-none-eabi/13.3.1/../../../../arm-none-eabi/lib/thumb/v7e-m+fp/hard/libc_nano.a(libc_a-mlock.o)
 .ARM.attributes
                0x0000065b       0x22 /home/vinothkannan/st/stm32cubeide_1.19.0/plugins/com.st.stm32cube.ide.mcu.externaltools.gnu-tools-for-stm32.13.3.rel1.linux64_1.0.0.202410170706/tools/bin/../lib/gcc/arm-none-eabi/13.3.1/thumb/v7e-m+fp/hard/libgcc.a(_aeabi_uldivmod.o)
 .ARM.attributes
                0x0000067d       0x34 /home/vinothkannan/st/stm32cubeide_1.19.0/plugins/com.st.stm32cube.ide.mcu.externaltools.gnu-tools-for-stm32.13.3.rel1.linux64_1.0.0.202410170706/tools/bin/../lib/gcc/arm-none-eabi/13.3.1/thumb/v7e-m+fp/hard/libgcc.a(_udivmoddi4.o)
 .ARM.attributes
                0x000006b1       0x22 /home/vinothkannan/st/stm32cubeide_1.19.0/plugins/com.st.stm32cube.ide.mcu.externaltools.gnu-tools-for-stm32.13.3.rel1.linux64_1.0.0.202410170706/tools/bin/../lib/gcc/arm-none-eabi/13.3.1/thumb/v7e-m+fp/hard/libgcc.a(_dvmd_tls.o)
 .ARM.attributes
                0x000006d3       0x22 /home/vinothkannan/st/stm32cubeide_1.19.0/plugins/com.st.stm32cube.ide.mcu.externaltools.gnu-tools-for-stm32.13.3.rel1.linux64_1.0.0.202410170706/tools/bin/../lib/gcc/arm-none-eabi/13.3.1/thumb/v7e-m+fp/hard/crtn.o
OUTPUT(CAN_BYPASS_STM32F407VET6.elf elf32-littlearm)
LOAD linker stubs
LOAD /home/vinothkannan/st/stm32cubeide_1.19.0/plugins/com.st.stm32cube.ide.mcu.externaltools.gnu-tools-for-stm32.13.3.rel1.linux64_1.0.0.202410170706/tools/bin/../lib/gcc/arm-none-eabi/13.3.1/../../../../arm-none-eabi/lib/thumb/v7e-m+fp/hard/libc.a
LOAD /home/vinothkannan/st/stm32cubeide_1.19.0/plugins/com.st.stm32cube.ide.mcu.externaltools.gnu-tools-for-stm32.13.3.rel1.linux64_1.0.0.202410170706/tools/bin/../lib/gcc/arm-none-eabi/13.3.1/../../../../arm-none-eabi/lib/thumb/v7e-m+fp/hard/libm.a
LOAD /home/vinothkannan/st/stm32cubeide_1.19.0/plugins/com.st.stm32cube.ide.mcu.externaltools.gnu-tools-for-stm32.13.3.rel1.linux64_1.0.0.202410170706/tools/bin/../lib/gcc/arm-none-eabi/13.3.1/thumb/v7e-m+fp/hard/libgcc.a

.debug_info     0x00000000    0x161e5
 .debug_info    0x00000000     0x1a17 ./Core/Src/main.o
 .debug_info    0x00001a17      0xaeb ./Core/Src/stm32f4xx_hal_msp.o
 .debug_info    0x00002502      0xbee ./Core/Src/stm32f4xx_hal_timebase_tim.o
 .debug_info    0x000030f0      0xaa7 ./Core/Src/stm32f4xx_it.o
 .debug_info    0x00003b97      0x512 ./Core/Src/system_stm32f4xx.o
 .debug_info    0x000040a9       0x30 ./Core/Startup/startup_stm32f407vetx.o
 .debug_info    0x000040d9      0x944 ./Drivers/STM32F4xx_HAL_Driver/Src/stm32f4xx_hal.o
 .debug_info    0x00004a1d      0xf49 ./Drivers/STM32F4xx_HAL_Driver/Src/stm32f4xx_hal_can.o
 .debug_info    0x00005966      0xd8c ./Drivers/STM32F4xx_HAL_Driver/Src/stm32f4xx_hal_cortex.o
 .debug_info    0x000066f2      0x6c3 ./Drivers/STM32F4xx_HAL_Driver/Src/stm32f4xx_hal_gpio.o
 .debug_info    0x00006db5      0x8c3 ./Drivers/STM32F4xx_HAL_Driver/Src/stm32f4xx_hal_rcc.o
 .debug_info    0x00007678     0x299d ./Drivers/STM32F4xx_HAL_Driver/Src/stm32f4xx_hal_tim.o
 .debug_info    0x0000a015     0x14db ./Drivers/STM32F4xx_HAL_Driver/Src/stm32f4xx_hal_tim_ex.o
 .debug_info    0x0000b4f0     0x4109 ./Middlewares/Third_Party/FreeRTOS/Source/CMSIS_RTOS_V2/cmsis_os2.o
 .debug_info    0x0000f5f9      0x2af ./Middlewares/Third_Party/FreeRTOS/Source/list.o
 .debug_info    0x0000f8a8     0x1b79 ./Middlewares/Third_Party/FreeRTOS/Source/queue.o
 .debug_info    0x00011421     0x28c1 ./Middlewares/Third_Party/FreeRTOS/Source/tasks.o
 .debug_info    0x00013ce2     0x1b50 ./Middlewares/Third_Party/FreeRTOS/Source/timers.o
 .debug_info    0x00015832      0x4de ./Middlewares/Third_Party/FreeRTOS/Source/portable/GCC/ARM_CM4F/port.o
 .debug_info    0x00015d10      0x4d5 ./Middlewares/Third_Party/FreeRTOS/Source/portable/MemMang/heap_4.o

.debug_abbrev   0x00000000     0x30ee
 .debug_abbrev  0x00000000      0x342 ./Core/Src/main.o
 .debug_abbrev  0x00000342      0x1d3 ./Core/Src/stm32f4xx_hal_msp.o
 .debug_abbrev  0x00000515      0x1f4 ./Core/Src/stm32f4xx_hal_timebase_tim.o
 .debug_abbrev  0x00000709      0x1c6 ./Core/Src/stm32f4xx_it.o
 .debug_abbrev  0x000008cf      0x11a ./Core/Src/system_stm32f4xx.o
 .debug_abbrev  0x000009e9       0x24 ./Core/Startup/startup_stm32f407vetx.o
 .debug_abbrev  0x00000a0d      0x214 ./Drivers/STM32F4xx_HAL_Driver/Src/stm32f4xx_hal.o
 .debug_abbrev  0x00000c21      0x258 ./Drivers/STM32F4xx_HAL_Driver/Src/stm32f4xx_hal_can.o
 .debug_abbrev  0x00000e79      0x31d ./Drivers/STM32F4xx_HAL_Driver/Src/stm32f4xx_hal_cortex.o
 .debug_abbrev  0x00001196      0x1d4 ./Drivers/STM32F4xx_HAL_Driver/Src/stm32f4xx_hal_gpio.o
 .debug_abbrev  0x0000136a      0x2b7 ./Drivers/STM32F4xx_HAL_Driver/Src/stm32f4xx_hal_rcc.o
 .debug_abbrev  0x00001621      0x278 ./Drivers/STM32F4xx_HAL_Driver/Src/stm32f4xx_hal_tim.o
 .debug_abbrev  0x00001899      0x283 ./Drivers/STM32F4xx_HAL_Driver/Src/stm32f4xx_hal_tim_ex.o
 .debug_abbrev  0x00001b1c      0x548 ./Middlewares/Third_Party/FreeRTOS/Source/CMSIS_RTOS_V2/cmsis_os2.o
 .debug_abbrev  0x00002064       0xf5 ./Middlewares/Third_Party/FreeRTOS/Source/list.o
 .debug_abbrev  0x00002159      0x3b6 ./Middlewares/Third_Party/FreeRTOS/Source/queue.o
 .debug_abbrev  0x0000250f      0x3fe ./Middlewares/Third_Party/FreeRTOS/Source/tasks.o
 .debug_abbrev  0x0000290d      0x368 ./Middlewares/Third_Party/FreeRTOS/Source/timers.o
 .debug_abbrev  0x00002c75      0x25c ./Middlewares/Third_Party/FreeRTOS/Source/portable/GCC/ARM_CM4F/port.o
 .debug_abbrev  0x00002ed1      0x21d ./Middlewares/Third_Party/FreeRTOS/Source/portable/MemMang/heap_4.o

.debug_aranges  0x00000000     0x1318
 .debug_aranges
                0x00000000       0x80 ./Core/Src/main.o
 .debug_aranges
                0x00000080       0x30 ./Core/Src/stm32f4xx_hal_msp.o
 .debug_aranges
                0x000000b0       0x30 ./Core/Src/stm32f4xx_hal_timebase_tim.o
 .debug_aranges
                0x000000e0       0x60 ./Core/Src/stm32f4xx_it.o
 .debug_aranges
                0x00000140       0x28 ./Core/Src/system_stm32f4xx.o
 .debug_aranges
                0x00000168       0x28 ./Core/Startup/startup_stm32f407vetx.o
 .debug_aranges
                0x00000190       0xf0 ./Drivers/STM32F4xx_HAL_Driver/Src/stm32f4xx_hal.o
 .debug_aranges
                0x00000280      0x138 ./Drivers/STM32F4xx_HAL_Driver/Src/stm32f4xx_hal_can.o
 .debug_aranges
                0x000003b8      0x130 ./Drivers/STM32F4xx_HAL_Driver/Src/stm32f4xx_hal_cortex.o
 .debug_aranges
                0x000004e8       0x58 ./Drivers/STM32F4xx_HAL_Driver/Src/stm32f4xx_hal_gpio.o
 .debug_aranges
                0x00000540       0x88 ./Drivers/STM32F4xx_HAL_Driver/Src/stm32f4xx_hal_rcc.o
 .debug_aranges
                0x000005c8      0x3d0 ./Drivers/STM32F4xx_HAL_Driver/Src/stm32f4xx_hal_tim.o
 .debug_aranges
                0x00000998      0x168 ./Drivers/STM32F4xx_HAL_Driver/Src/stm32f4xx_hal_tim_ex.o
 .debug_aranges
                0x00000b00      0x2b0 ./Middlewares/Third_Party/FreeRTOS/Source/CMSIS_RTOS_V2/cmsis_os2.o
 .debug_aranges
                0x00000db0       0x40 ./Middlewares/Third_Party/FreeRTOS/Source/list.o
 .debug_aranges
                0x00000df0      0x158 ./Middlewares/Third_Party/FreeRTOS/Source/queue.o
 .debug_aranges
                0x00000f48      0x208 ./Middlewares/Third_Party/FreeRTOS/Source/tasks.o
 .debug_aranges
                0x00001150       0xf0 ./Middlewares/Third_Party/FreeRTOS/Source/timers.o
 .debug_aranges
                0x00001240       0x80 ./Middlewares/Third_Party/FreeRTOS/Source/portable/GCC/ARM_CM4F/port.o
 .debug_aranges
                0x000012c0       0x58 ./Middlewares/Third_Party/FreeRTOS/Source/portable/MemMang/heap_4.o

.debug_rnglists
                0x00000000      0xeb9
 .debug_rnglists
                0x00000000       0x64 ./Core/Src/main.o
 .debug_rnglists
                0x00000064       0x21 ./Core/Src/stm32f4xx_hal_msp.o
 .debug_rnglists
                0x00000085       0x20 ./Core/Src/stm32f4xx_hal_timebase_tim.o
 .debug_rnglists
                0x000000a5       0x43 ./Core/Src/stm32f4xx_it.o
 .debug_rnglists
                0x000000e8       0x1a ./Core/Src/system_stm32f4xx.o
 .debug_rnglists
                0x00000102       0x19 ./Core/Startup/startup_stm32f407vetx.o
 .debug_rnglists
                0x0000011b       0xaf ./Drivers/STM32F4xx_HAL_Driver/Src/stm32f4xx_hal.o
 .debug_rnglists
                0x000001ca       0xee ./Drivers/STM32F4xx_HAL_Driver/Src/stm32f4xx_hal_can.o
 .debug_rnglists
                0x000002b8       0xe0 ./Drivers/STM32F4xx_HAL_Driver/Src/stm32f4xx_hal_cortex.o
 .debug_rnglists
                0x00000398       0x3f ./Drivers/STM32F4xx_HAL_Driver/Src/stm32f4xx_hal_gpio.o
 .debug_rnglists
                0x000003d7       0x66 ./Drivers/STM32F4xx_HAL_Driver/Src/stm32f4xx_hal_rcc.o
 .debug_rnglists
                0x0000043d      0x31a ./Drivers/STM32F4xx_HAL_Driver/Src/stm32f4xx_hal_tim.o
 .debug_rnglists
                0x00000757      0x125 ./Drivers/STM32F4xx_HAL_Driver/Src/stm32f4xx_hal_tim_ex.o
 .debug_rnglists
                0x0000087c      0x212 ./Middlewares/Third_Party/FreeRTOS/Source/CMSIS_RTOS_V2/cmsis_os2.o
 .debug_rnglists
                0x00000a8e       0x2b ./Middlewares/Third_Party/FreeRTOS/Source/list.o
 .debug_rnglists
                0x00000ab9      0x109 ./Middlewares/Third_Party/FreeRTOS/Source/queue.o
 .debug_rnglists
                0x00000bc2      0x1a0 ./Middlewares/Third_Party/FreeRTOS/Source/tasks.o
 .debug_rnglists
                0x00000d62       0xb8 ./Middlewares/Third_Party/FreeRTOS/Source/timers.o
 .debug_rnglists
                0x00000e1a       0x5d ./Middlewares/Third_Party/FreeRTOS/Source/portable/GCC/ARM_CM4F/port.o
 .debug_rnglists
                0x00000e77       0x42 ./Middlewares/Third_Party/FreeRTOS/Source/portable/MemMang/heap_4.o

.debug_macro    0x00000000     0x2fb8
 .debug_macro   0x00000000      0x31e ./Core/Src/main.o
 .debug_macro   0x0000031e       0x5c ./Core/Src/main.o
 .debug_macro   0x0000037a      0x16f ./Core/Src/main.o
 .debug_macro   0x000004e9       0x66 ./Core/Src/main.o
 .debug_macro   0x0000054f       0x74 ./Core/Src/main.o
 .debug_macro   0x000005c3       0xdd ./Core/Src/main.o
 .debug_macro   0x000006a0      0x1d8 ./Core/Src/stm32f4xx_hal_msp.o
 .debug_macro   0x00000878      0x1ce ./Core/Src/stm32f4xx_hal_timebase_tim.o
 .debug_macro   0x00000a46      0x1e2 ./Core/Src/stm32f4xx_it.o
 .debug_macro   0x00000c28      0x1ce ./Core/Src/system_stm32f4xx.o
 .debug_macro   0x00000df6      0x22e ./Drivers/STM32F4xx_HAL_Driver/Src/stm32f4xx_hal.o
 .debug_macro   0x00001024      0x1dd ./Drivers/STM32F4xx_HAL_Driver/Src/stm32f4xx_hal_can.o
 .debug_macro   0x00001201      0x1ce ./Drivers/STM32F4xx_HAL_Driver/Src/stm32f4xx_hal_cortex.o
 .debug_macro   0x000013cf      0x1d4 ./Drivers/STM32F4xx_HAL_Driver/Src/stm32f4xx_hal_gpio.o
 .debug_macro   0x000015a3      0x1f2 ./Drivers/STM32F4xx_HAL_Driver/Src/stm32f4xx_hal_rcc.o
 .debug_macro   0x00001795      0x1cf ./Drivers/STM32F4xx_HAL_Driver/Src/stm32f4xx_hal_tim.o
 .debug_macro   0x00001964      0x1ce ./Drivers/STM32F4xx_HAL_Driver/Src/stm32f4xx_hal_tim_ex.o
 .debug_macro   0x00001b32      0x3d7 ./Middlewares/Third_Party/FreeRTOS/Source/CMSIS_RTOS_V2/cmsis_os2.o
 .debug_macro   0x00001f09       0x10 ./Middlewares/Third_Party/FreeRTOS/Source/CMSIS_RTOS_V2/cmsis_os2.o
 .debug_macro   0x00001f19       0x20 ./Middlewares/Third_Party/FreeRTOS/Source/CMSIS_RTOS_V2/cmsis_os2.o
 .debug_macro   0x00001f39       0x10 ./Middlewares/Third_Party/FreeRTOS/Source/CMSIS_RTOS_V2/cmsis_os2.o
 .debug_macro   0x00001f49       0xf5 ./Middlewares/Third_Party/FreeRTOS/Source/CMSIS_RTOS_V2/cmsis_os2.o
 .debug_macro   0x0000203e       0x16 ./Middlewares/Third_Party/FreeRTOS/Source/CMSIS_RTOS_V2/cmsis_os2.o
 .debug_macro   0x00002054       0x91 ./Middlewares/Third_Party/FreeRTOS/Source/CMSIS_RTOS_V2/cmsis_os2.o
 .debug_macro   0x000020e5       0x8d ./Middlewares/Third_Party/FreeRTOS/Source/CMSIS_RTOS_V2/cmsis_os2.o
 .debug_macro   0x00002172       0x9a ./Middlewares/Third_Party/FreeRTOS/Source/CMSIS_RTOS_V2/cmsis_os2.o
 .debug_macro   0x0000220c       0x22 ./Middlewares/Third_Party/FreeRTOS/Source/CMSIS_RTOS_V2/cmsis_os2.o
 .debug_macro   0x0000222e      0x199 ./Middlewares/Third_Party/FreeRTOS/Source/list.o
 .debug_macro   0x000023c7      0x228 ./Middlewares/Third_Party/FreeRTOS/Source/queue.o
 .debug_macro   0x000025ef       0x16 ./Middlewares/Third_Party/FreeRTOS/Source/queue.o
 .debug_macro   0x00002605       0x87 ./Middlewares/Third_Party/FreeRTOS/Source/queue.o
 .debug_macro   0x0000268c      0x291 ./Middlewares/Third_Party/FreeRTOS/Source/tasks.o
 .debug_macro   0x0000291d       0x10 ./Middlewares/Third_Party/FreeRTOS/Source/tasks.o
 .debug_macro   0x0000292d      0x1ee ./Middlewares/Third_Party/FreeRTOS/Source/timers.o
 .debug_macro   0x00002b1b       0x97 ./Middlewares/Third_Party/FreeRTOS/Source/timers.o
 .debug_macro   0x00002bb2      0x246 ./Middlewares/Third_Party/FreeRTOS/Source/portable/GCC/ARM_CM4F/port.o
 .debug_macro   0x00002df8      0x1c0 ./Middlewares/Third_Party/FreeRTOS/Source/portable/MemMang/heap_4.o

.debug_line     0x00000000    0x139fe
 .debug_line    0x00000000      0xdc8 ./Core/Src/main.o
 .debug_line    0x00000dc8      0x776 ./Core/Src/stm32f4xx_hal_msp.o
 .debug_line    0x0000153e      0x740 ./Core/Src/stm32f4xx_hal_timebase_tim.o
 .debug_line    0x00001c7e      0x77b ./Core/Src/stm32f4xx_it.o
 .debug_line    0x000023f9      0x738 ./Core/Src/system_stm32f4xx.o
 .debug_line    0x00002b31       0x7a ./Core/Startup/startup_stm32f407vetx.o
 .debug_line    0x00002bab      0x9b4 ./Drivers/STM32F4xx_HAL_Driver/Src/stm32f4xx_hal.o
 .debug_line    0x0000355f     0x1173 ./Drivers/STM32F4xx_HAL_Driver/Src/stm32f4xx_hal_can.o
 .debug_line    0x000046d2      0xc84 ./Drivers/STM32F4xx_HAL_Driver/Src/stm32f4xx_hal_cortex.o
 .debug_line    0x00005356      0xb0c ./Drivers/STM32F4xx_HAL_Driver/Src/stm32f4xx_hal_gpio.o
 .debug_line    0x00005e62      0xdc3 ./Drivers/STM32F4xx_HAL_Driver/Src/stm32f4xx_hal_rcc.o
 .debug_line    0x00006c25     0x3729 ./Drivers/STM32F4xx_HAL_Driver/Src/stm32f4xx_hal_tim.o
 .debug_line    0x0000a34e     0x1914 ./Drivers/STM32F4xx_HAL_Driver/Src/stm32f4xx_hal_tim_ex.o
 .debug_line    0x0000bc62     0x249c ./Middlewares/Third_Party/FreeRTOS/Source/CMSIS_RTOS_V2/cmsis_os2.o
 .debug_line    0x0000e0fe      0x712 ./Middlewares/Third_Party/FreeRTOS/Source/list.o
 .debug_line    0x0000e810     0x1683 ./Middlewares/Third_Party/FreeRTOS/Source/queue.o
 .debug_line    0x0000fe93     0x1c2a ./Middlewares/Third_Party/FreeRTOS/Source/tasks.o
 .debug_line    0x00011abd      0xd52 ./Middlewares/Third_Party/FreeRTOS/Source/timers.o
 .debug_line    0x0001280f      0x8c6 ./Middlewares/Third_Party/FreeRTOS/Source/portable/GCC/ARM_CM4F/port.o
 .debug_line    0x000130d5      0x929 ./Middlewares/Third_Party/FreeRTOS/Source/portable/MemMang/heap_4.o

.debug_str      0x00000000    0xd59ad
 .debug_str     0x00000000    0xd59ad ./Core/Src/main.o
                              0xcd248 (size before relaxing)
 .debug_str     0x000d59ad    0xc4bb6 ./Core/Src/stm32f4xx_hal_msp.o
 .debug_str     0x000d59ad    0xc4ef4 ./Core/Src/stm32f4xx_hal_timebase_tim.o
 .debug_str     0x000d59ad    0xc4aa8 ./Core/Src/stm32f4xx_it.o
 .debug_str     0x000d59ad    0xc43fc ./Core/Src/system_stm32f4xx.o
 .debug_str     0x000d59ad       0x8d ./Core/Startup/startup_stm32f407vetx.o
 .debug_str     0x000d59ad    0xc4f80 ./Drivers/STM32F4xx_HAL_Driver/Src/stm32f4xx_hal.o
 .debug_str     0x000d59ad    0xc4af6 ./Drivers/STM32F4xx_HAL_Driver/Src/stm32f4xx_hal_can.o
 .debug_str     0x000d59ad    0xc4cfc ./Drivers/STM32F4xx_HAL_Driver/Src/stm32f4xx_hal_cortex.o
 .debug_str     0x000d59ad    0xc4577 ./Drivers/STM32F4xx_HAL_Driver/Src/stm32f4xx_hal_gpio.o
 .debug_str     0x000d59ad    0xc4830 ./Drivers/STM32F4xx_HAL_Driver/Src/stm32f4xx_hal_rcc.o
 .debug_str     0x000d59ad    0xc5786 ./Drivers/STM32F4xx_HAL_Driver/Src/stm32f4xx_hal_tim.o
 .debug_str     0x000d59ad    0xc4f92 ./Drivers/STM32F4xx_HAL_Driver/Src/stm32f4xx_hal_tim_ex.o
 .debug_str     0x000d59ad    0xcf3f7 ./Middlewares/Third_Party/FreeRTOS/Source/CMSIS_RTOS_V2/cmsis_os2.o
 .debug_str     0x000d59ad     0xac3c ./Middlewares/Third_Party/FreeRTOS/Source/list.o
 .debug_str     0x000d59ad     0xc77c ./Middlewares/Third_Party/FreeRTOS/Source/queue.o
 .debug_str     0x000d59ad     0xd581 ./Middlewares/Third_Party/FreeRTOS/Source/tasks.o
 .debug_str     0x000d59ad     0xcfcd ./Middlewares/Third_Party/FreeRTOS/Source/timers.o
 .debug_str     0x000d59ad     0xb97a ./Middlewares/Third_Party/FreeRTOS/Source/portable/GCC/ARM_CM4F/port.o
 .debug_str     0x000d59ad     0xb57e ./Middlewares/Third_Party/FreeRTOS/Source/portable/MemMang/heap_4.o

.comment        0x00000000       0x43
 .comment       0x00000000       0x43 ./Core/Src/main.o
                                 0x44 (size before relaxing)
 .comment       0x00000043       0x44 ./Core/Src/stm32f4xx_hal_msp.o
 .comment       0x00000043       0x44 ./Core/Src/stm32f4xx_hal_timebase_tim.o
 .comment       0x00000043       0x44 ./Core/Src/stm32f4xx_it.o
 .comment       0x00000043       0x44 ./Core/Src/system_stm32f4xx.o
 .comment       0x00000043       0x44 ./Drivers/STM32F4xx_HAL_Driver/Src/stm32f4xx_hal.o
 .comment       0x00000043       0x44 ./Drivers/STM32F4xx_HAL_Driver/Src/stm32f4xx_hal_can.o
 .comment       0x00000043       0x44 ./Drivers/STM32F4xx_HAL_Driver/Src/stm32f4xx_hal_cortex.o
 .comment       0x00000043       0x44 ./Drivers/STM32F4xx_HAL_Driver/Src/stm32f4xx_hal_gpio.o
 .comment       0x00000043       0x44 ./Drivers/STM32F4xx_HAL_Driver/Src/stm32f4xx_hal_rcc.o
 .comment       0x00000043       0x44 ./Drivers/STM32F4xx_HAL_Driver/Src/stm32f4xx_hal_tim.o
 .comment       0x00000043       0x44 ./Drivers/STM32F4xx_HAL_Driver/Src/stm32f4xx_hal_tim_ex.o
 .comment       0x00000043       0x44 ./Middlewares/Third_Party/FreeRTOS/Source/CMSIS_RTOS_V2/cmsis_os2.o
 .comment       0x00000043       0x44 ./Middlewares/Third_Party/FreeRTOS/Source/list.o
 .comment       0x00000043       0x44 ./Middlewares/Third_Party/FreeRTOS/Source/queue.o
 .comment       0x00000043       0x44 ./Middlewares/Third_Party/FreeRTOS/Source/tasks.o
 .comment       0x00000043       0x44 ./Middlewares/Third_Party/FreeRTOS/Source/timers.o
 .comment       0x00000043       0x44 ./Middlewares/Third_Party/FreeRTOS/Source/portable/GCC/ARM_CM4F/port.o
 .comment       0x00000043       0x44 ./Middlewares/Third_Party/FreeRTOS/Source/portable/MemMang/heap_4.o

.debug_frame    0x00000000     0x5388
 .debug_frame   0x00000000      0x1cc ./Core/Src/main.o
 .debug_frame   0x000001cc       0x7c ./Core/Src/stm32f4xx_hal_msp.o
 .debug_frame   0x00000248       0x74 ./Core/Src/stm32f4xx_hal_timebase_tim.o
 .debug_frame   0x000002bc       0xfc ./Core/Src/stm32f4xx_it.o
 .debug_frame   0x000003b8       0x58 ./Core/Src/system_stm32f4xx.o
 .debug_frame   0x00000410      0x374 ./Drivers/STM32F4xx_HAL_Driver/Src/stm32f4xx_hal.o
 .debug_frame   0x00000784      0x5a0 ./Drivers/STM32F4xx_HAL_Driver/Src/stm32f4xx_hal_can.o
 .debug_frame   0x00000d24      0x508 ./Drivers/STM32F4xx_HAL_Driver/Src/stm32f4xx_hal_cortex.o
 .debug_frame   0x0000122c      0x14c ./Drivers/STM32F4xx_HAL_Driver/Src/stm32f4xx_hal_gpio.o
 .debug_frame   0x00001378      0x1f4 ./Drivers/STM32F4xx_HAL_Driver/Src/stm32f4xx_hal_rcc.o
 .debug_frame   0x0000156c     0x11c0 ./Drivers/STM32F4xx_HAL_Driver/Src/stm32f4xx_hal_tim.o
 .debug_frame   0x0000272c      0x638 ./Drivers/STM32F4xx_HAL_Driver/Src/stm32f4xx_hal_tim_ex.o
 .debug_frame   0x00002d64      0xbe4 ./Middlewares/Third_Party/FreeRTOS/Source/CMSIS_RTOS_V2/cmsis_os2.o
 .debug_frame   0x00003948       0xd8 ./Middlewares/Third_Party/FreeRTOS/Source/list.o
 .debug_frame   0x00003a20      0x5ec ./Middlewares/Third_Party/FreeRTOS/Source/queue.o
 .debug_frame   0x0000400c      0x8f0 ./Middlewares/Third_Party/FreeRTOS/Source/tasks.o
 .debug_frame   0x000048fc      0x400 ./Middlewares/Third_Party/FreeRTOS/Source/timers.o
 .debug_frame   0x00004cfc      0x1a8 ./Middlewares/Third_Party/FreeRTOS/Source/portable/GCC/ARM_CM4F/port.o
 .debug_frame   0x00004ea4      0x12c ./Middlewares/Third_Party/FreeRTOS/Source/portable/MemMang/heap_4.o
 .debug_frame   0x00004fd0      0x144 /home/vinothkannan/st/stm32cubeide_1.19.0/plugins/com.st.stm32cube.ide.mcu.externaltools.gnu-tools-for-stm32.13.3.rel1.linux64_1.0.0.202410170706/tools/bin/../lib/gcc/arm-none-eabi/13.3.1/../../../../arm-none-eabi/lib/thumb/v7e-m+fp/hard/libc_nano.a(libc_a-findfp.o)
 .debug_frame   0x00005114       0x20 /home/vinothkannan/st/stm32cubeide_1.19.0/plugins/com.st.stm32cube.ide.mcu.externaltools.gnu-tools-for-stm32.13.3.rel1.linux64_1.0.0.202410170706/tools/bin/../lib/gcc/arm-none-eabi/13.3.1/../../../../arm-none-eabi/lib/thumb/v7e-m+fp/hard/libc_nano.a(libc_a-memset.o)
 .debug_frame   0x00005134       0x38 /home/vinothkannan/st/stm32cubeide_1.19.0/plugins/com.st.stm32cube.ide.mcu.externaltools.gnu-tools-for-stm32.13.3.rel1.linux64_1.0.0.202410170706/tools/bin/../lib/gcc/arm-none-eabi/13.3.1/../../../../arm-none-eabi/lib/thumb/v7e-m+fp/hard/libc_nano.a(libc_a-reent.o)
 .debug_frame   0x0000516c       0x2c /home/vinothkannan/st/stm32cubeide_1.19.0/plugins/com.st.stm32cube.ide.mcu.externaltools.gnu-tools-for-stm32.13.3.rel1.linux64_1.0.0.202410170706/tools/bin/../lib/gcc/arm-none-eabi/13.3.1/../../../../arm-none-eabi/lib/thumb/v7e-m+fp/hard/libc_nano.a(libc_a-init.o)
 .debug_frame   0x00005198       0xb0 /home/vinothkannan/st/stm32cubeide_1.19.0/plugins/com.st.stm32cube.ide.mcu.externaltools.gnu-tools-for-stm32.13.3.rel1.linux64_1.0.0.202410170706/tools/bin/../lib/gcc/arm-none-eabi/13.3.1/../../../../arm-none-eabi/lib/thumb/v7e-m+fp/hard/libc_nano.a(libc_a-lock.o)
 .debug_frame   0x00005248       0x28 /home/vinothkannan/st/stm32cubeide_1.19.0/plugins/com.st.stm32cube.ide.mcu.externaltools.gnu-tools-for-stm32.13.3.rel1.linux64_1.0.0.202410170706/tools/bin/../lib/gcc/arm-none-eabi/13.3.1/../../../../arm-none-eabi/lib/thumb/v7e-m+fp/hard/libc_nano.a(libc_a-memcpy-stub.o)
 .debug_frame   0x00005270       0x38 /home/vinothkannan/st/stm32cubeide_1.19.0/plugins/com.st.stm32cube.ide.mcu.externaltools.gnu-tools-for-stm32.13.3.rel1.linux64_1.0.0.202410170706/tools/bin/../lib/gcc/arm-none-eabi/13.3.1/../../../../arm-none-eabi/lib/thumb/v7e-m+fp/hard/libc_nano.a(libc_a-freer.o)
 .debug_frame   0x000052a8       0x50 /home/vinothkannan/st/stm32cubeide_1.19.0/plugins/com.st.stm32cube.ide.mcu.externaltools.gnu-tools-for-stm32.13.3.rel1.linux64_1.0.0.202410170706/tools/bin/../lib/gcc/arm-none-eabi/13.3.1/../../../../arm-none-eabi/lib/thumb/v7e-m+fp/hard/libc_nano.a(libc_a-mallocr.o)
 .debug_frame   0x000052f8       0x30 /home/vinothkannan/st/stm32cubeide_1.19.0/plugins/com.st.stm32cube.ide.mcu.externaltools.gnu-tools-for-stm32.13.3.rel1.linux64_1.0.0.202410170706/tools/bin/../lib/gcc/arm-none-eabi/13.3.1/../../../../arm-none-eabi/lib/thumb/v7e-m+fp/hard/libc_nano.a(libc_a-mlock.o)
 .debug_frame   0x00005328       0x2c /home/vinothkannan/st/stm32cubeide_1.19.0/plugins/com.st.stm32cube.ide.mcu.externaltools.gnu-tools-for-stm32.13.3.rel1.linux64_1.0.0.202410170706/tools/bin/../lib/gcc/arm-none-eabi/13.3.1/thumb/v7e-m+fp/hard/libgcc.a(_aeabi_uldivmod.o)
 .debug_frame   0x00005354       0x34 /home/vinothkannan/st/stm32cubeide_1.19.0/plugins/com.st.stm32cube.ide.mcu.externaltools.gnu-tools-for-stm32.13.3.rel1.linux64_1.0.0.202410170706/tools/bin/../lib/gcc/arm-none-eabi/13.3.1/thumb/v7e-m+fp/hard/libgcc.a(_udivmoddi4.o)

.debug_line_str
                0x00000000       0x71
 .debug_line_str
                0x00000000       0x71 ./Core/Startup/startup_stm32f407vetx.o
